This is pdfTeX, Version 3.141592653-2.6-1.40.27 (TeX Live 2025/nixos.org) (preloaded format=pdflatex 1980.1.1)  27 APR 2026 14:36
entering extended mode
 restricted \write18 enabled.
 file:line:error style messages enabled.
 %&-line parsing enabled.
**/home/vandy/work/dgup/Report/latex/poster.tex
(/home/vandy/work/dgup/Report/latex/poster.tex
LaTeX2e <2025-06-01> patch level 1
L3 programming layer <2025-06-09>
(/nix/store/qj971xbmpyff2na6b62agy00kzabs7a7-texlive-2025-env-texmfdist/tex/latex/beamer/beamer.cls
Document Class: beamer 2025/06/15 v3.74 A class for typesetting presentations
(/nix/store/qj971xbmpyff2na6b62agy00kzabs7a7-texlive-2025-env-texmfdist/tex/latex/beamer/beamerbasemodes.sty (/nix/store/qj971xbmpyff2na6b62agy00kzabs7a7-texlive-2025-env-texmfdist/tex/latex/etoolbox/etoolbox.sty
Package: etoolbox 2025/02/11 v2.5l e-TeX tools for LaTeX (JAW)
\etb@tempcnta=\count275
)
\beamer@tempbox=\box53
\beamer@tempcount=\count276
\c@beamerpauses=\count277
 (/nix/store/qj971xbmpyff2na6b62agy00kzabs7a7-texlive-2025-env-texmfdist/tex/latex/beamer/beamerbasedecode.sty
\beamer@slideinframe=\count278
\beamer@minimum=\count279
\beamer@decode@box=\box54
)
\beamer@commentbox=\box55
\beamer@modecount=\count280
) (/nix/store/qj971xbmpyff2na6b62agy00kzabs7a7-texlive-2025-env-texmfdist/tex/generic/iftex/iftex.sty
Package: iftex 2024/12/12 v1.0g TeX engine tests
)
\headdp=\dimen148
\footheight=\dimen149
\sidebarheight=\dimen150
\beamer@tempdim=\dimen151
\beamer@finalheight=\dimen152
\beamer@animht=\dimen153
\beamer@animdp=\dimen154
\beamer@animwd=\dimen155
\beamer@leftmargin=\dimen156
\beamer@rightmargin=\dimen157
\beamer@leftsidebar=\dimen158
\beamer@rightsidebar=\dimen159
\beamer@boxsize=\dimen160
\beamer@vboxoffset=\dimen161
\beamer@descdefault=\dimen162
\beamer@descriptionwidth=\dimen163
\beamer@lastskip=\skip49
\beamer@areabox=\box56
\beamer@animcurrent=\box57
\beamer@animshowbox=\box58
\beamer@sectionbox=\box59
\beamer@logobox=\box60
\beamer@linebox=\box61
\beamer@sectioncount=\count281
\beamer@subsubsectionmax=\count282
\beamer@subsectionmax=\count283
\beamer@sectionmax=\count284
\beamer@totalheads=\count285
\beamer@headcounter=\count286
\beamer@partstartpage=\count287
\beamer@sectionstartpage=\count288
\beamer@subsectionstartpage=\count289
\beamer@animationtempa=\count290
\beamer@animationtempb=\count291
\beamer@xpos=\count292
\beamer@ypos=\count293
\beamer@ypos@offset=\count294
\beamer@showpartnumber=\count295
\beamer@currentsubsection=\count296
\beamer@coveringdepth=\count297
\beamer@sectionadjust=\count298
\beamer@toclastsection=\count299
\beamer@tocsectionnumber=\count300
 (/nix/store/qj971xbmpyff2na6b62agy00kzabs7a7-texlive-2025-env-texmfdist/tex/latex/beamer/beamerbaseoptions.sty (/nix/store/qj971xbmpyff2na6b62agy00kzabs7a7-texlive-2025-env-texmfdist/tex/latex/graphics/keyval.sty
Package: keyval 2022/05/29 v1.15 key=value parser (DPC)
\KV@toks@=\toks17
))
\beamer@paperwidth=\skip50
\beamer@paperheight=\skip51
 (/nix/store/qj971xbmpyff2na6b62agy00kzabs7a7-texlive-2025-env-texmfdist/tex/latex/geometry/geometry.sty
Package: geometry 2020/01/02 v5.9 Page Geometry
 (/nix/store/qj971xbmpyff2na6b62agy00kzabs7a7-texlive-2025-env-texmfdist/tex/generic/iftex/ifvtex.sty
Package: ifvtex 2019/10/25 v1.7 ifvtex legacy package. Use iftex instead.
)
\Gm@cnth=\count301
\Gm@cntv=\count302
\c@Gm@tempcnt=\count303
\Gm@bindingoffset=\dimen164
\Gm@wd@mp=\dimen165
\Gm@odd@mp=\dimen166
\Gm@even@mp=\dimen167
\Gm@layoutwidth=\dimen168
\Gm@layoutheight=\dimen169
\Gm@layouthoffset=\dimen170
\Gm@layoutvoffset=\dimen171
\Gm@dimlist=\toks18
) (/nix/store/qj971xbmpyff2na6b62agy00kzabs7a7-texlive-2025-env-texmfdist/tex/latex/pgf/math/pgfmath.sty (/nix/store/qj971xbmpyff2na6b62agy00kzabs7a7-texlive-2025-env-texmfdist/tex/latex/pgf/utilities/pgfrcs.sty (/nix/store/qj971xbmpyff2na6b62agy00kzabs7a7-texlive-2025-env-texmfdist/tex/generic/pgf/utilities/pgfutil-common.tex
\pgfutil@everybye=\toks19
\pgfutil@tempdima=\dimen172
\pgfutil@tempdimb=\dimen173
) (/nix/store/qj971xbmpyff2na6b62agy00kzabs7a7-texlive-2025-env-texmfdist/tex/generic/pgf/utilities/pgfutil-latex.def
\pgfutil@abb=\box62
) (/nix/store/qj971xbmpyff2na6b62agy00kzabs7a7-texlive-2025-env-texmfdist/tex/generic/pgf/utilities/pgfrcs.code.tex (/nix/store/qj971xbmpyff2na6b62agy00kzabs7a7-texlive-2025-env-texmfdist/tex/generic/pgf/pgf.revision.tex)
Package: pgfrcs 2023-01-15 v3.1.10 (3.1.10)
)) (/nix/store/qj971xbmpyff2na6b62agy00kzabs7a7-texlive-2025-env-texmfdist/tex/latex/pgf/utilities/pgfkeys.sty (/nix/store/qj971xbmpyff2na6b62agy00kzabs7a7-texlive-2025-env-texmfdist/tex/generic/pgf/utilities/pgfkeys.code.tex
\pgfkeys@pathtoks=\toks20
\pgfkeys@temptoks=\toks21
 (/nix/store/qj971xbmpyff2na6b62agy00kzabs7a7-texlive-2025-env-texmfdist/tex/generic/pgf/utilities/pgfkeyslibraryfiltered.code.tex
\pgfkeys@tmptoks=\toks22
))) (/nix/store/qj971xbmpyff2na6b62agy00kzabs7a7-texlive-2025-env-texmfdist/tex/generic/pgf/math/pgfmath.code.tex (/nix/store/qj971xbmpyff2na6b62agy00kzabs7a7-texlive-2025-env-texmfdist/tex/generic/pgf/math/pgfmathutil.code.tex
\pgf@x=\dimen174
\pgf@xa=\dimen175
\pgf@xb=\dimen176
\pgf@xc=\dimen177
\pgf@y=\dimen178
\pgf@ya=\dimen179
\pgf@yb=\dimen180
\pgf@yc=\dimen181
\c@pgf@counta=\count304
\c@pgf@countb=\count305
\c@pgf@countc=\count306
\c@pgf@countd=\count307
) (/nix/store/qj971xbmpyff2na6b62agy00kzabs7a7-texlive-2025-env-texmfdist/tex/generic/pgf/math/pgfmathparser.code.tex
\pgfmath@dimen=\dimen182
\pgfmath@count=\count308
\pgfmath@box=\box63
\pgfmath@toks=\toks23
\pgfmath@stack@operand=\toks24
\pgfmath@stack@operation=\toks25
) (/nix/store/qj971xbmpyff2na6b62agy00kzabs7a7-texlive-2025-env-texmfdist/tex/generic/pgf/math/pgfmathfunctions.code.tex) (/nix/store/qj971xbmpyff2na6b62agy00kzabs7a7-texlive-2025-env-texmfdist/tex/generic/pgf/math/pgfmathfunctions.basic.code.tex) (/nix/store/qj971xbmpyff2na6b62agy00kzabs7a7-texlive-2025-env-texmfdist/tex/generic/pgf/math/pgfmathfunctions.trigonometric.code.tex) (/nix/store/qj971xbmpyff2na6b62agy00kzabs7a7-texlive-2025-env-texmfdist/tex/generic/pgf/math/pgfmathfunctions.random.code.tex) (/nix/store/qj971xbmpyff2na6b62agy00kzabs7a7-texlive-2025-env-texmfdist/tex/generic/pgf/math/pgfmathfunctions.comparison.code.tex) (/nix/store/qj971xbmpyff2na6b62agy00kzabs7a7-texlive-2025-env-texmfdist/tex/generic/pgf/math/pgfmathfunctions.base.code.tex) (/nix/store/qj971xbmpyff2na6b62agy00kzabs7a7-texlive-2025-env-texmfdist/tex/generic/pgf/math/pgfmathfunctions.round.code.tex) (/nix/store/qj971xbmpyff2na6b62agy00kzabs7a7-texlive-2025-env-texmfdist/tex/generic/pgf/math/pgfmathfunctions.misc.code.tex) (/nix/store/qj971xbmpyff2na6b62agy00kzabs7a7-texlive-2025-env-texmfdist/tex/generic/pgf/math/pgfmathfunctions.integerarithmetics.code.tex) (/nix/store/qj971xbmpyff2na6b62agy00kzabs7a7-texlive-2025-env-texmfdist/tex/generic/pgf/math/pgfmathcalc.code.tex) (/nix/store/qj971xbmpyff2na6b62agy00kzabs7a7-texlive-2025-env-texmfdist/tex/generic/pgf/math/pgfmathfloat.code.tex
\c@pgfmathroundto@lastzeros=\count309
))) (/nix/store/qj971xbmpyff2na6b62agy00kzabs7a7-texlive-2025-env-texmfdist/tex/latex/base/size11.clo
File: size11.clo 2025/01/22 v1.4n Standard LaTeX file (size option)
) (/nix/store/qj971xbmpyff2na6b62agy00kzabs7a7-texlive-2025-env-texmfdist/tex/latex/pgf/basiclayer/pgfcore.sty (/nix/store/qj971xbmpyff2na6b62agy00kzabs7a7-texlive-2025-env-texmfdist/tex/latex/graphics/graphicx.sty
Package: graphicx 2024/12/31 v1.2e Enhanced LaTeX Graphics (DPC,SPQR)
 (/nix/store/qj971xbmpyff2na6b62agy00kzabs7a7-texlive-2025-env-texmfdist/tex/latex/graphics/graphics.sty
Package: graphics 2024/08/06 v1.4g Standard LaTeX Graphics (DPC,SPQR)
 (/nix/store/qj971xbmpyff2na6b62agy00kzabs7a7-texlive-2025-env-texmfdist/tex/latex/graphics/trig.sty
Package: trig 2023/12/02 v1.11 sin cos tan (DPC)
) (/nix/store/qj971xbmpyff2na6b62agy00kzabs7a7-texlive-2025-env-texmfdist/tex/latex/graphics-cfg/graphics.cfg
File: graphics.cfg 2016/06/04 v1.11 sample graphics configuration
)
Package graphics Info: Driver file: pdftex.def on input line 106.
 (/nix/store/qj971xbmpyff2na6b62agy00kzabs7a7-texlive-2025-env-texmfdist/tex/latex/graphics-def/pdftex.def
File: pdftex.def 2024/04/13 v1.2c Graphics/color driver for pdftex
))
\Gin@req@height=\dimen183
\Gin@req@width=\dimen184
) (/nix/store/qj971xbmpyff2na6b62agy00kzabs7a7-texlive-2025-env-texmfdist/tex/latex/pgf/systemlayer/pgfsys.sty (/nix/store/qj971xbmpyff2na6b62agy00kzabs7a7-texlive-2025-env-texmfdist/tex/generic/pgf/systemlayer/pgfsys.code.tex
Package: pgfsys 2023-01-15 v3.1.10 (3.1.10)
\pgf@x=\dimen185
\pgf@y=\dimen186
\pgf@xa=\dimen187
\pgf@ya=\dimen188
\pgf@xb=\dimen189
\pgf@yb=\dimen190
\pgf@xc=\dimen191
\pgf@yc=\dimen192
\pgf@xd=\dimen193
\pgf@yd=\dimen194
\w@pgf@writea=\write3
\r@pgf@reada=\read2
\c@pgf@counta=\count310
\c@pgf@countb=\count311
\c@pgf@countc=\count312
\c@pgf@countd=\count313
\t@pgf@toka=\toks26
\t@pgf@tokb=\toks27
\t@pgf@tokc=\toks28
\pgf@sys@id@count=\count314
 (/nix/store/qj971xbmpyff2na6b62agy00kzabs7a7-texlive-2025-env-texmfdist/tex/generic/pgf/systemlayer/pgf.cfg
File: pgf.cfg 2023-01-15 v3.1.10 (3.1.10)
)
Driver file for pgf: pgfsys-pdftex.def
 (/nix/store/qj971xbmpyff2na6b62agy00kzabs7a7-texlive-2025-env-texmfdist/tex/generic/pgf/systemlayer/pgfsys-pdftex.def
File: pgfsys-pdftex.def 2023-01-15 v3.1.10 (3.1.10)
 (/nix/store/qj971xbmpyff2na6b62agy00kzabs7a7-texlive-2025-env-texmfdist/tex/generic/pgf/systemlayer/pgfsys-common-pdf.def
File: pgfsys-common-pdf.def 2023-01-15 v3.1.10 (3.1.10)
))) (/nix/store/qj971xbmpyff2na6b62agy00kzabs7a7-texlive-2025-env-texmfdist/tex/generic/pgf/systemlayer/pgfsyssoftpath.code.tex
File: pgfsyssoftpath.code.tex 2023-01-15 v3.1.10 (3.1.10)
\pgfsyssoftpath@smallbuffer@items=\count315
\pgfsyssoftpath@bigbuffer@items=\count316
) (/nix/store/qj971xbmpyff2na6b62agy00kzabs7a7-texlive-2025-env-texmfdist/tex/generic/pgf/systemlayer/pgfsysprotocol.code.tex
File: pgfsysprotocol.code.tex 2023-01-15 v3.1.10 (3.1.10)
)) (/nix/store/qj971xbmpyff2na6b62agy00kzabs7a7-texlive-2025-env-texmfdist/tex/latex/xcolor/xcolor.sty
Package: xcolor 2024/09/29 v3.02 LaTeX color extensions (UK)
 (/nix/store/qj971xbmpyff2na6b62agy00kzabs7a7-texlive-2025-env-texmfdist/tex/latex/graphics-cfg/color.cfg
File: color.cfg 2016/01/02 v1.6 sample color configuration
)
Package xcolor Info: Driver file: pdftex.def on input line 274.
 (/nix/store/qj971xbmpyff2na6b62agy00kzabs7a7-texlive-2025-env-texmfdist/tex/latex/graphics/mathcolor.ltx)
Package xcolor Info: Model `cmy' substituted by `cmy0' on input line 1349.
Package xcolor Info: Model `hsb' substituted by `rgb' on input line 1353.
Package xcolor Info: Model `RGB' extended on input line 1365.
Package xcolor Info: Model `HTML' substituted by `rgb' on input line 1367.
Package xcolor Info: Model `Hsb' substituted by `hsb' on input line 1368.
Package xcolor Info: Model `tHsb' substituted by `hsb' on input line 1369.
Package xcolor Info: Model `HSB' substituted by `hsb' on input line 1370.
Package xcolor Info: Model `Gray' substituted by `gray' on input line 1371.
Package xcolor Info: Model `wave' substituted by `hsb' on input line 1372.
) (/nix/store/qj971xbmpyff2na6b62agy00kzabs7a7-texlive-2025-env-texmfdist/tex/generic/pgf/basiclayer/pgfcore.code.tex
Package: pgfcore 2023-01-15 v3.1.10 (3.1.10)
 (/nix/store/qj971xbmpyff2na6b62agy00kzabs7a7-texlive-2025-env-texmfdist/tex/generic/pgf/math/pgfint.code.tex) (/nix/store/qj971xbmpyff2na6b62agy00kzabs7a7-texlive-2025-env-texmfdist/tex/generic/pgf/basiclayer/pgfcorepoints.code.tex
File: pgfcorepoints.code.tex 2023-01-15 v3.1.10 (3.1.10)
\pgf@picminx=\dimen195
\pgf@picmaxx=\dimen196
\pgf@picminy=\dimen197
\pgf@picmaxy=\dimen198
\pgf@pathminx=\dimen199
\pgf@pathmaxx=\dimen256
\pgf@pathminy=\dimen257
\pgf@pathmaxy=\dimen258
\pgf@xx=\dimen259
\pgf@xy=\dimen260
\pgf@yx=\dimen261
\pgf@yy=\dimen262
\pgf@zx=\dimen263
\pgf@zy=\dimen264
) (/nix/store/qj971xbmpyff2na6b62agy00kzabs7a7-texlive-2025-env-texmfdist/tex/generic/pgf/basiclayer/pgfcorepathconstruct.code.tex
File: pgfcorepathconstruct.code.tex 2023-01-15 v3.1.10 (3.1.10)
\pgf@path@lastx=\dimen265
\pgf@path@lasty=\dimen266
) (/nix/store/qj971xbmpyff2na6b62agy00kzabs7a7-texlive-2025-env-texmfdist/tex/generic/pgf/basiclayer/pgfcorepathusage.code.tex
File: pgfcorepathusage.code.tex 2023-01-15 v3.1.10 (3.1.10)
\pgf@shorten@end@additional=\dimen267
\pgf@shorten@start@additional=\dimen268
) (/nix/store/qj971xbmpyff2na6b62agy00kzabs7a7-texlive-2025-env-texmfdist/tex/generic/pgf/basiclayer/pgfcorescopes.code.tex
File: pgfcorescopes.code.tex 2023-01-15 v3.1.10 (3.1.10)
\pgfpic=\box64
\pgf@hbox=\box65
\pgf@layerbox@main=\box66
\pgf@picture@serial@count=\count317
) (/nix/store/qj971xbmpyff2na6b62agy00kzabs7a7-texlive-2025-env-texmfdist/tex/generic/pgf/basiclayer/pgfcoregraphicstate.code.tex
File: pgfcoregraphicstate.code.tex 2023-01-15 v3.1.10 (3.1.10)
\pgflinewidth=\dimen269
) (/nix/store/qj971xbmpyff2na6b62agy00kzabs7a7-texlive-2025-env-texmfdist/tex/generic/pgf/basiclayer/pgfcoretransformations.code.tex
File: pgfcoretransformations.code.tex 2023-01-15 v3.1.10 (3.1.10)
\pgf@pt@x=\dimen270
\pgf@pt@y=\dimen271
\pgf@pt@temp=\dimen272
) (/nix/store/qj971xbmpyff2na6b62agy00kzabs7a7-texlive-2025-env-texmfdist/tex/generic/pgf/basiclayer/pgfcorequick.code.tex
File: pgfcorequick.code.tex 2023-01-15 v3.1.10 (3.1.10)
) (/nix/store/qj971xbmpyff2na6b62agy00kzabs7a7-texlive-2025-env-texmfdist/tex/generic/pgf/basiclayer/pgfcoreobjects.code.tex
File: pgfcoreobjects.code.tex 2023-01-15 v3.1.10 (3.1.10)
) (/nix/store/qj971xbmpyff2na6b62agy00kzabs7a7-texlive-2025-env-texmfdist/tex/generic/pgf/basiclayer/pgfcorepathprocessing.code.tex
File: pgfcorepathprocessing.code.tex 2023-01-15 v3.1.10 (3.1.10)
) (/nix/store/qj971xbmpyff2na6b62agy00kzabs7a7-texlive-2025-env-texmfdist/tex/generic/pgf/basiclayer/pgfcorearrows.code.tex
File: pgfcorearrows.code.tex 2023-01-15 v3.1.10 (3.1.10)
\pgfarrowsep=\dimen273
) (/nix/store/qj971xbmpyff2na6b62agy00kzabs7a7-texlive-2025-env-texmfdist/tex/generic/pgf/basiclayer/pgfcoreshade.code.tex
File: pgfcoreshade.code.tex 2023-01-15 v3.1.10 (3.1.10)
\pgf@max=\dimen274
\pgf@sys@shading@range@num=\count318
\pgf@shadingcount=\count319
) (/nix/store/qj971xbmpyff2na6b62agy00kzabs7a7-texlive-2025-env-texmfdist/tex/generic/pgf/basiclayer/pgfcoreimage.code.tex
File: pgfcoreimage.code.tex 2023-01-15 v3.1.10 (3.1.10)
) (/nix/store/qj971xbmpyff2na6b62agy00kzabs7a7-texlive-2025-env-texmfdist/tex/generic/pgf/basiclayer/pgfcoreexternal.code.tex
File: pgfcoreexternal.code.tex 2023-01-15 v3.1.10 (3.1.10)
\pgfexternal@startupbox=\box67
) (/nix/store/qj971xbmpyff2na6b62agy00kzabs7a7-texlive-2025-env-texmfdist/tex/generic/pgf/basiclayer/pgfcorelayers.code.tex
File: pgfcorelayers.code.tex 2023-01-15 v3.1.10 (3.1.10)
) (/nix/store/qj971xbmpyff2na6b62agy00kzabs7a7-texlive-2025-env-texmfdist/tex/generic/pgf/basiclayer/pgfcoretransparency.code.tex
File: pgfcoretransparency.code.tex 2023-01-15 v3.1.10 (3.1.10)
) (/nix/store/qj971xbmpyff2na6b62agy00kzabs7a7-texlive-2025-env-texmfdist/tex/generic/pgf/basiclayer/pgfcorepatterns.code.tex
File: pgfcorepatterns.code.tex 2023-01-15 v3.1.10 (3.1.10)
) (/nix/store/qj971xbmpyff2na6b62agy00kzabs7a7-texlive-2025-env-texmfdist/tex/generic/pgf/basiclayer/pgfcorerdf.code.tex
File: pgfcorerdf.code.tex 2023-01-15 v3.1.10 (3.1.10)
))) (/nix/store/qj971xbmpyff2na6b62agy00kzabs7a7-texlive-2025-env-texmfdist/tex/latex/pgf/utilities/xxcolor.sty
Package: xxcolor 2003/10/24 ver 0.1
\XC@nummixins=\count320
\XC@countmixins=\count321
) (/nix/store/qj971xbmpyff2na6b62agy00kzabs7a7-texlive-2025-env-texmfdist/tex/latex/base/atbegshi-ltx.sty
Package: atbegshi-ltx 2021/01/10 v1.0c Emulation of the original atbegshi
package with kernel methods
) (/nix/store/qj971xbmpyff2na6b62agy00kzabs7a7-texlive-2025-env-texmfdist/tex/latex/hyperref/hyperref.sty
Package: hyperref 2025-06-21 v7.01n Hypertext links for LaTeX
 (/nix/store/qj971xbmpyff2na6b62agy00kzabs7a7-texlive-2025-env-texmfdist/tex/latex/kvsetkeys/kvsetkeys.sty
Package: kvsetkeys 2022-10-05 v1.19 Key value parser (HO)
) (/nix/store/qj971xbmpyff2na6b62agy00kzabs7a7-texlive-2025-env-texmfdist/tex/generic/kvdefinekeys/kvdefinekeys.sty
Package: kvdefinekeys 2019-12-19 v1.6 Define keys (HO)
) (/nix/store/qj971xbmpyff2na6b62agy00kzabs7a7-texlive-2025-env-texmfdist/tex/generic/pdfescape/pdfescape.sty
Package: pdfescape 2019/12/09 v1.15 Implements pdfTeX's escape features (HO)
 (/nix/store/qj971xbmpyff2na6b62agy00kzabs7a7-texlive-2025-env-texmfdist/tex/generic/ltxcmds/ltxcmds.sty
Package: ltxcmds 2023-12-04 v1.26 LaTeX kernel commands for general use (HO)
) (/nix/store/qj971xbmpyff2na6b62agy00kzabs7a7-texlive-2025-env-texmfdist/tex/generic/pdftexcmds/pdftexcmds.sty
Package: pdftexcmds 2020-06-27 v0.33 Utility functions of pdfTeX for LuaTeX (HO)
 (/nix/store/qj971xbmpyff2na6b62agy00kzabs7a7-texlive-2025-env-texmfdist/tex/generic/infwarerr/infwarerr.sty
Package: infwarerr 2019/12/03 v1.5 Providing info/warning/error messages (HO)
)
Package pdftexcmds Info: \pdf@primitive is available.
Package pdftexcmds Info: \pdf@ifprimitive is available.
Package pdftexcmds Info: \pdfdraftmode found.
)) (/nix/store/qj971xbmpyff2na6b62agy00kzabs7a7-texlive-2025-env-texmfdist/tex/latex/hycolor/hycolor.sty
Package: hycolor 2020-01-27 v1.10 Color options for hyperref/bookmark (HO)
) (/nix/store/qj971xbmpyff2na6b62agy00kzabs7a7-texlive-2025-env-texmfdist/tex/latex/hyperref/nameref.sty
Package: nameref 2025-06-21 v2.57 Cross-referencing by name of section
 (/nix/store/qj971xbmpyff2na6b62agy00kzabs7a7-texlive-2025-env-texmfdist/tex/latex/refcount/refcount.sty
Package: refcount 2019/12/15 v3.6 Data extraction from label references (HO)
) (/nix/store/qj971xbmpyff2na6b62agy00kzabs7a7-texlive-2025-env-texmfdist/tex/generic/gettitlestring/gettitlestring.sty
Package: gettitlestring 2019/12/15 v1.6 Cleanup title references (HO)
 (/nix/store/qj971xbmpyff2na6b62agy00kzabs7a7-texlive-2025-env-texmfdist/tex/latex/kvoptions/kvoptions.sty
Package: kvoptions 2022-06-15 v3.15 Key value format for package options (HO)
))
\c@section@level=\count322
) (/nix/store/qj971xbmpyff2na6b62agy00kzabs7a7-texlive-2025-env-texmfdist/tex/generic/stringenc/stringenc.sty
Package: stringenc 2019/11/29 v1.12 Convert strings between diff. encodings (HO)
)
\@linkdim=\dimen275
\Hy@linkcounter=\count323
\Hy@pagecounter=\count324
 (/nix/store/qj971xbmpyff2na6b62agy00kzabs7a7-texlive-2025-env-texmfdist/tex/latex/hyperref/pd1enc.def
File: pd1enc.def 2025-06-21 v7.01n Hyperref: PDFDocEncoding definition (HO)
Now handling font encoding PD1 ...
... no UTF-8 mapping file for font encoding PD1
) (/nix/store/qj971xbmpyff2na6b62agy00kzabs7a7-texlive-2025-env-texmfdist/tex/generic/intcalc/intcalc.sty
Package: intcalc 2019/12/15 v1.3 Expandable calculations with integers (HO)
)
\Hy@SavedSpaceFactor=\count325
 (/nix/store/qj971xbmpyff2na6b62agy00kzabs7a7-texlive-2025-env-texmfdist/tex/latex/hyperref/puenc.def
File: puenc.def 2025-06-21 v7.01n Hyperref: PDF Unicode definition (HO)
Now handling font encoding PU ...
... no UTF-8 mapping file for font encoding PU
)
Package hyperref Info: Option `final' set `true' on input line 4052.
Package hyperref Info: Option `bookmarks' set `true' on input line 4052.
Package hyperref Info: Option `bookmarksopen' set `true' on input line 4052.
Package hyperref Info: Option `implicit' set `false' on input line 4052.
Package hyperref Info: Hyper figures OFF on input line 4181.
Package hyperref Info: Link nesting OFF on input line 4186.
Package hyperref Info: Hyper index ON on input line 4189.
Package hyperref Info: Plain pages OFF on input line 4196.
Package hyperref Info: Backreferencing OFF on input line 4201.
Package hyperref Info: Implicit mode OFF; no redefinition of LaTeX internals.
Package hyperref Info: Bookmarks ON on input line 4448.
\c@Hy@tempcnt=\count326
 (/nix/store/qj971xbmpyff2na6b62agy00kzabs7a7-texlive-2025-env-texmfdist/tex/latex/url/url.sty
\Urlmuskip=\muskip17
Package: url 2013/09/16  ver 3.4  Verb mode for urls, etc.
)
LaTeX Info: Redefining \url on input line 4787.
\XeTeXLinkMargin=\dimen276
 (/nix/store/qj971xbmpyff2na6b62agy00kzabs7a7-texlive-2025-env-texmfdist/tex/generic/bitset/bitset.sty
Package: bitset 2019/12/09 v1.3 Handle bit-vector datatype (HO)

(/nix/store/qj971xbmpyff2na6b62agy00kzabs7a7-texlive-2025-env-texmfdist/tex/generic/bigintcalc/bigintcalc.sty
Package: bigintcalc 2019/12/15 v1.5 Expandable calculations on big integers (HO)
))
\Fld@menulength=\count327
\Field@Width=\dimen277
\Fld@charsize=\dimen278
Package hyperref Info: Hyper figures OFF on input line 6066.
Package hyperref Info: Link nesting OFF on input line 6071.
Package hyperref Info: Hyper index ON on input line 6074.
Package hyperref Info: backreferencing OFF on input line 6081.
Package hyperref Info: Link coloring OFF on input line 6086.
Package hyperref Info: Link coloring with OCG OFF on input line 6091.
Package hyperref Info: PDF/A mode OFF on input line 6096.
\Hy@abspage=\count328


Package hyperref Message: Stopped early.

)
Package hyperref Info: Driver (autodetected): hpdftex.
 (/nix/store/qj971xbmpyff2na6b62agy00kzabs7a7-texlive-2025-env-texmfdist/tex/latex/hyperref/hpdftex.def
File: hpdftex.def 2025-06-21 v7.01n Hyperref driver for pdfTeX
\Fld@listcount=\count329
\c@bookmark@seq@number=\count330
 (/nix/store/qj971xbmpyff2na6b62agy00kzabs7a7-texlive-2025-env-texmfdist/tex/latex/rerunfilecheck/rerunfilecheck.sty
Package: rerunfilecheck 2025-06-21 v1.11 Rerun checks for auxiliary files (HO)
 (/nix/store/qj971xbmpyff2na6b62agy00kzabs7a7-texlive-2025-env-texmfdist/tex/generic/uniquecounter/uniquecounter.sty
Package: uniquecounter 2019/12/15 v1.4 Provide unlimited unique counter (HO)
)
Package uniquecounter Info: New unique counter `rerunfilecheck' on input line 284.
)) (/nix/store/qj971xbmpyff2na6b62agy00kzabs7a7-texlive-2025-env-texmfdist/tex/latex/beamer/beamerbaserequires.sty (/nix/store/qj971xbmpyff2na6b62agy00kzabs7a7-texlive-2025-env-texmfdist/tex/latex/beamer/beamerbasecompatibility.sty) (/nix/store/qj971xbmpyff2na6b62agy00kzabs7a7-texlive-2025-env-texmfdist/tex/latex/beamer/beamerbasefont.sty (/nix/store/qj971xbmpyff2na6b62agy00kzabs7a7-texlive-2025-env-texmfdist/tex/latex/amsfonts/amssymb.sty
Package: amssymb 2013/01/14 v3.01 AMS font symbols
 (/nix/store/qj971xbmpyff2na6b62agy00kzabs7a7-texlive-2025-env-texmfdist/tex/latex/amsfonts/amsfonts.sty
Package: amsfonts 2013/01/14 v3.01 Basic AMSFonts support
\@emptytoks=\toks29
\symAMSa=\mathgroup4
\symAMSb=\mathgroup5
LaTeX Font Info:    Redeclaring math symbol \hbar on input line 98.
LaTeX Font Info:    Overwriting math alphabet `\mathfrak' in version `bold'
(Font)                  U/euf/m/n --> U/euf/b/n on input line 106.
)) (/nix/store/qj971xbmpyff2na6b62agy00kzabs7a7-texlive-2025-env-texmfdist/tex/latex/sansmathaccent/sansmathaccent.sty
Package: sansmathaccent 2020/01/31
 (/nix/store/qj971xbmpyff2na6b62agy00kzabs7a7-texlive-2025-env-texmfdist/tex/latex/koma-script/scrlfile.sty
Package: scrlfile 2025/06/04 v3.45 KOMA-Script package (file load hooks)
 (/nix/store/qj971xbmpyff2na6b62agy00kzabs7a7-texlive-2025-env-texmfdist/tex/latex/koma-script/scrlfile-hook.sty
Package: scrlfile-hook 2025/06/04 v3.45 KOMA-Script package (using LaTeX hooks)
 (/nix/store/qj971xbmpyff2na6b62agy00kzabs7a7-texlive-2025-env-texmfdist/tex/latex/koma-script/scrlogo.sty
Package: scrlogo 2025/06/04 v3.45 KOMA-Script package (logo)
))))) (/nix/store/qj971xbmpyff2na6b62agy00kzabs7a7-texlive-2025-env-texmfdist/tex/latex/beamer/beamerbasetranslator.sty (/nix/store/qj971xbmpyff2na6b62agy00kzabs7a7-texlive-2025-env-texmfdist/tex/latex/translator/translator.sty
Package: translator 2021-05-31 v1.12d Easy translation of strings in LaTeX
)) (/nix/store/qj971xbmpyff2na6b62agy00kzabs7a7-texlive-2025-env-texmfdist/tex/latex/beamer/beamerbasemisc.sty) (/nix/store/qj971xbmpyff2na6b62agy00kzabs7a7-texlive-2025-env-texmfdist/tex/latex/beamer/beamerbasetwoscreens.sty) (/nix/store/qj971xbmpyff2na6b62agy00kzabs7a7-texlive-2025-env-texmfdist/tex/latex/beamer/beamerbaseoverlay.sty
\beamer@argscount=\count331
\beamer@lastskipcover=\skip52
\beamer@trivlistdepth=\count332
) (/nix/store/qj971xbmpyff2na6b62agy00kzabs7a7-texlive-2025-env-texmfdist/tex/latex/beamer/beamerbasetitle.sty) (/nix/store/qj971xbmpyff2na6b62agy00kzabs7a7-texlive-2025-env-texmfdist/tex/latex/beamer/beamerbasesection.sty
\c@lecture=\count333
\c@part=\count334
\c@section=\count335
\c@subsection=\count336
\c@subsubsection=\count337
) (/nix/store/qj971xbmpyff2na6b62agy00kzabs7a7-texlive-2025-env-texmfdist/tex/latex/beamer/beamerbaseframe.sty
\beamer@framebox=\box68
\beamer@frametitlebox=\box69
\beamer@zoombox=\box70
\beamer@zoomcount=\count338
\beamer@zoomframecount=\count339
\beamer@frametextheight=\dimen279
\c@subsectionslide=\count340
\beamer@frametopskip=\skip53
\beamer@framebottomskip=\skip54
\beamer@frametopskipautobreak=\skip55
\beamer@framebottomskipautobreak=\skip56
\beamer@envbody=\toks30
\framewidth=\dimen280
\c@framenumber=\count341
) (/nix/store/qj971xbmpyff2na6b62agy00kzabs7a7-texlive-2025-env-texmfdist/tex/latex/beamer/beamerbaseverbatim.sty
\beamer@verbatimfileout=\write4
) (/nix/store/qj971xbmpyff2na6b62agy00kzabs7a7-texlive-2025-env-texmfdist/tex/latex/beamer/beamerbaseframesize.sty
\beamer@splitbox=\box71
\beamer@autobreakcount=\count342
\beamer@autobreaklastheight=\dimen281
\beamer@frametitletoks=\toks31
\beamer@framesubtitletoks=\toks32
) (/nix/store/qj971xbmpyff2na6b62agy00kzabs7a7-texlive-2025-env-texmfdist/tex/latex/beamer/beamerbaseframecomponents.sty
\beamer@footins=\box72
) (/nix/store/qj971xbmpyff2na6b62agy00kzabs7a7-texlive-2025-env-texmfdist/tex/latex/beamer/beamerbasecolor.sty) (/nix/store/qj971xbmpyff2na6b62agy00kzabs7a7-texlive-2025-env-texmfdist/tex/latex/beamer/beamerbasenotes.sty
\beamer@frameboxcopy=\box73
) (/nix/store/qj971xbmpyff2na6b62agy00kzabs7a7-texlive-2025-env-texmfdist/tex/latex/beamer/beamerbasetoc.sty) (/nix/store/qj971xbmpyff2na6b62agy00kzabs7a7-texlive-2025-env-texmfdist/tex/latex/beamer/beamerbasetemplates.sty
\beamer@sbttoks=\toks33
 (/nix/store/qj971xbmpyff2na6b62agy00kzabs7a7-texlive-2025-env-texmfdist/tex/latex/beamer/beamerbaseauxtemplates.sty (/nix/store/qj971xbmpyff2na6b62agy00kzabs7a7-texlive-2025-env-texmfdist/tex/latex/beamer/beamerbaseboxes.sty
\bmb@box=\box74
\bmb@colorbox=\box75
\bmb@boxwidth=\dimen282
\bmb@boxheight=\dimen283
\bmb@prevheight=\dimen284
\bmb@temp=\dimen285
\bmb@dima=\dimen286
\bmb@dimb=\dimen287
\bmb@prevheight=\dimen288
)
\beamer@blockheadheight=\dimen289
)) (/nix/store/qj971xbmpyff2na6b62agy00kzabs7a7-texlive-2025-env-texmfdist/tex/latex/beamer/beamerbaselocalstructure.sty (/nix/store/qj971xbmpyff2na6b62agy00kzabs7a7-texlive-2025-env-texmfdist/tex/latex/tools/enumerate.sty
Package: enumerate 2023/07/04 v3.00 enumerate extensions (DPC)
\@enLab=\toks34
)
\beamer@bibiconwidth=\skip57
\c@figure=\count343
\c@table=\count344
\abovecaptionskip=\skip58
\belowcaptionskip=\skip59
) (/nix/store/qj971xbmpyff2na6b62agy00kzabs7a7-texlive-2025-env-texmfdist/tex/latex/beamer/beamerbasenavigation.sty (/nix/store/qj971xbmpyff2na6b62agy00kzabs7a7-texlive-2025-env-texmfdist/tex/latex/beamer/beamerbasenavigationsymbols.tex)
\beamer@section@min@dim=\dimen290
) (/nix/store/qj971xbmpyff2na6b62agy00kzabs7a7-texlive-2025-env-texmfdist/tex/latex/beamer/beamerbasetheorems.sty (/nix/store/qj971xbmpyff2na6b62agy00kzabs7a7-texlive-2025-env-texmfdist/tex/latex/amsmath/amsmath.sty
Package: amsmath 2025/06/16 v2.17y AMS math features
\@mathmargin=\skip60

For additional information on amsmath, use the `?' option.
(/nix/store/qj971xbmpyff2na6b62agy00kzabs7a7-texlive-2025-env-texmfdist/tex/latex/amsmath/amstext.sty
Package: amstext 2024/11/17 v2.01 AMS text
 (/nix/store/qj971xbmpyff2na6b62agy00kzabs7a7-texlive-2025-env-texmfdist/tex/latex/amsmath/amsgen.sty
File: amsgen.sty 1999/11/30 v2.0 generic functions
\@emptytoks=\toks35
\ex@=\dimen291
)) (/nix/store/qj971xbmpyff2na6b62agy00kzabs7a7-texlive-2025-env-texmfdist/tex/latex/amsmath/amsbsy.sty
Package: amsbsy 1999/11/29 v1.2d Bold Symbols
\pmbraise@=\dimen292
) (/nix/store/qj971xbmpyff2na6b62agy00kzabs7a7-texlive-2025-env-texmfdist/tex/latex/amsmath/amsopn.sty
Package: amsopn 2022/04/08 v2.04 operator names
)
\inf@bad=\count345
LaTeX Info: Redefining \frac on input line 233.
\uproot@=\count346
\leftroot@=\count347
LaTeX Info: Redefining \overline on input line 398.
LaTeX Info: Redefining \colon on input line 409.
\classnum@=\count348
\DOTSCASE@=\count349
LaTeX Info: Redefining \ldots on input line 495.
LaTeX Info: Redefining \dots on input line 498.
LaTeX Info: Redefining \cdots on input line 619.
\Mathstrutbox@=\box76
\strutbox@=\box77
LaTeX Info: Redefining \big on input line 721.
LaTeX Info: Redefining \Big on input line 722.
LaTeX Info: Redefining \bigg on input line 723.
LaTeX Info: Redefining \Bigg on input line 724.
\big@size=\dimen293
LaTeX Font Info:    Redeclaring font encoding OML on input line 742.
LaTeX Font Info:    Redeclaring font encoding OMS on input line 743.
\macc@depth=\count350
LaTeX Info: Redefining \bmod on input line 904.
LaTeX Info: Redefining \pmod on input line 909.
LaTeX Info: Redefining \smash on input line 939.
LaTeX Info: Redefining \relbar on input line 969.
LaTeX Info: Redefining \Relbar on input line 970.
\c@MaxMatrixCols=\count351
\dotsspace@=\muskip18
\c@parentequation=\count352
\dspbrk@lvl=\count353
\tag@help=\toks36
\row@=\count354
\column@=\count355
\maxfields@=\count356
\andhelp@=\toks37
\eqnshift@=\dimen294
\alignsep@=\dimen295
\tagshift@=\dimen296
\tagwidth@=\dimen297
\totwidth@=\dimen298
\lineht@=\dimen299
\@envbody=\toks38
\multlinegap=\skip61
\multlinetaggap=\skip62
\mathdisplay@stack=\toks39
LaTeX Info: Redefining \[ on input line 2949.
LaTeX Info: Redefining \] on input line 2950.
) (/nix/store/qj971xbmpyff2na6b62agy00kzabs7a7-texlive-2025-env-texmfdist/tex/latex/amscls/amsthm.sty
Package: amsthm 2020/05/29 v2.20.6
\thm@style=\toks40
\thm@bodyfont=\toks41
\thm@headfont=\toks42
\thm@notefont=\toks43
\thm@headpunct=\toks44
\thm@preskip=\skip63
\thm@postskip=\skip64
\thm@headsep=\skip65
\dth@everypar=\toks45
)
\c@theorem=\count357
) (/nix/store/qj971xbmpyff2na6b62agy00kzabs7a7-texlive-2025-env-texmfdist/tex/latex/beamer/beamerbasethemes.sty)) (/nix/store/qj971xbmpyff2na6b62agy00kzabs7a7-texlive-2025-env-texmfdist/tex/latex/beamer/beamerthemedefault.sty (/nix/store/qj971xbmpyff2na6b62agy00kzabs7a7-texlive-2025-env-texmfdist/tex/latex/beamer/beamerfontthemedefault.sty) (/nix/store/qj971xbmpyff2na6b62agy00kzabs7a7-texlive-2025-env-texmfdist/tex/latex/beamer/beamercolorthemedefault.sty) (/nix/store/qj971xbmpyff2na6b62agy00kzabs7a7-texlive-2025-env-texmfdist/tex/latex/beamer/beamerinnerthemedefault.sty
\beamer@dima=\dimen300
\beamer@dimb=\dimen301
) (/nix/store/qj971xbmpyff2na6b62agy00kzabs7a7-texlive-2025-env-texmfdist/tex/latex/beamer/beamerouterthemedefault.sty))) (/nix/store/qj971xbmpyff2na6b62agy00kzabs7a7-texlive-2025-env-texmfdist/tex/latex/beamerposter/beamerposter.sty
Package: beamerposter 2018/04/23 v.1.13 latex-beamer poster extension
 (/nix/store/qj971xbmpyff2na6b62agy00kzabs7a7-texlive-2025-env-texmfdist/tex/latex/xkeyval/xkeyval.sty
Package: xkeyval 2022/06/16 v2.9 package option processing (HA)
 (/nix/store/qj971xbmpyff2na6b62agy00kzabs7a7-texlive-2025-env-texmfdist/tex/generic/xkeyval/xkeyval.tex (/nix/store/qj971xbmpyff2na6b62agy00kzabs7a7-texlive-2025-env-texmfdist/tex/generic/xkeyval/xkvutils.tex
\XKV@toks=\toks46
\XKV@tempa@toks=\toks47
)
\XKV@depth=\count358
File: xkeyval.tex 2014/12/03 v2.7a key=value parser (HA)
)) (/nix/store/qj971xbmpyff2na6b62agy00kzabs7a7-texlive-2025-env-texmfdist/tex/latex/type1cm/type1cm.sty
Package: type1cm 2002/09/05 v0.04 BlueSky/Y&Y Type1 CM font definitions (DPC, patched RF)
) (/nix/store/qj971xbmpyff2na6b62agy00kzabs7a7-texlive-2025-env-texmfdist/tex/latex/fp/fp.sty
Package: fp 1995/04/02
 `Fixed Point Package', Version 0.8, April 2, 1995 (C) Michael Mehlich (/nix/store/qj971xbmpyff2na6b62agy00kzabs7a7-texlive-2025-env-texmfdist/tex/latex/fp/defpattern.sty
Package: defpattern 1994/10/12
\actioncount=\count359
) (/nix/store/qj971xbmpyff2na6b62agy00kzabs7a7-texlive-2025-env-texmfdist/tex/latex/fp/fp-basic.sty
Package: fp-basic 1996/05/13
\FP@xs=\count360
\FP@xia=\count361
\FP@xib=\count362
\FP@xfa=\count363
\FP@xfb=\count364
\FP@rega=\count365
\FP@regb=\count366
\FP@regs=\count367
\FP@times=\count368
) (/nix/store/qj971xbmpyff2na6b62agy00kzabs7a7-texlive-2025-env-texmfdist/tex/latex/fp/fp-addons.sty
Package: fp-addons 1995/03/15
) (/nix/store/qj971xbmpyff2na6b62agy00kzabs7a7-texlive-2025-env-texmfdist/tex/latex/fp/fp-snap.sty
Package: fp-snap 1995/04/05
) (/nix/store/qj971xbmpyff2na6b62agy00kzabs7a7-texlive-2025-env-texmfdist/tex/latex/fp/fp-exp.sty
Package: fp-exp 1995/04/03
) (/nix/store/qj971xbmpyff2na6b62agy00kzabs7a7-texlive-2025-env-texmfdist/tex/latex/fp/fp-trigo.sty
Package: fp-trigo 1995/04/14
) (/nix/store/qj971xbmpyff2na6b62agy00kzabs7a7-texlive-2025-env-texmfdist/tex/latex/fp/fp-pas.sty
Package: fp-pas 1994/08/29
) (/nix/store/qj971xbmpyff2na6b62agy00kzabs7a7-texlive-2025-env-texmfdist/tex/latex/fp/fp-random.sty
Package: fp-random 1995/02/23
\FPseed=\count369
) (/nix/store/qj971xbmpyff2na6b62agy00kzabs7a7-texlive-2025-env-texmfdist/tex/latex/fp/fp-eqn.sty
Package: fp-eqn 1995/04/03
) (/nix/store/qj971xbmpyff2na6b62agy00kzabs7a7-texlive-2025-env-texmfdist/tex/latex/fp/fp-upn.sty
Package: fp-upn 1996/10/21
) (/nix/store/qj971xbmpyff2na6b62agy00kzabs7a7-texlive-2025-env-texmfdist/tex/latex/fp/fp-eval.sty
Package: fp-eval 1995/04/03
))
Package beamerposter Info: checking size input, please wait. on input line 129.
Package beamerposter Info: the input a0\ 1\ was correct, we proceed. on input line 129.
Package beamerposter Info: finished size input check. on input line 129.
Package beamerposter Info: myfontscale=1.0 on input line 129.
Package beamerposter Info: checking orientation input, please wait. on input line 130.
Package beamerposter Info: the input portrait\ 0\ was correct, we proceed. on input line 130.
Package beamerposter Info: finished orientation check. on input line 130.
Package beamerposter Info: checking size input, please wait. on input line 130.
Package beamerposter Info: the input a0\ 1\ was correct, we proceed. on input line 130.
Package beamerposter Info: finished size input check. on input line 130.
Package beamerposter Info: myfontscale=1.35 on input line 130.
 ( FP-UPN ( FP-MUL ) ( FP-ROUND ) )
\tmp=\dimen302
Package beamerposter Info: paperwidth=2392.87694pt, paperheight=3383.0325pt on input line 173.
Package beamerposter Info: textwidth=2364.42418pt, textheight=3354.57974pt on input line 174.
Package beamerposter Info: fontscale=1.0, myfontscale=1.35 on input line 175.
 ( FP-UPN ( FP-MUL ) ( FP-ROUND ) ) ( FP-UPN ( FP-MUL ) ( FP-ROUND ) ) ( FP-UPN ( FP-MUL ) ( FP-ROUND ) ) ( FP-UPN ( FP-MUL ) ( FP-ROUND ) ) ( FP-UPN ( FP-MUL ) ( FP-ROUND ) ) ( FP-UPN ( FP-MUL ) ( FP-ROUND ) ) ( FP-UPN ( FP-MUL ) ( FP-ROUND ) ) ( FP-UPN ( FP-MUL ) ( FP-ROUND ) ) ( FP-UPN ( FP-MUL ) ( FP-ROUND ) ) ( FP-UPN ( FP-MUL ) ( FP-ROUND ) ) ( FP-UPN ( FP-MUL ) ( FP-ROUND ) ) ( FP-UPN ( FP-MUL ) ( FP-ROUND ) ) ( FP-UPN ( FP-MUL ) ( FP-ROUND ) ) ( FP-UPN ( FP-MUL ) ( FP-ROUND ) ) ( FP-UPN ( FP-MUL ) ( FP-ROUND ) ) ( FP-UPN ( FP-MUL ) ( FP-ROUND ) ) ( FP-UPN ( FP-MUL ) ( FP-ROUND ) ) ( FP-UPN ( FP-MUL ) ( FP-ROUND ) ) ( FP-UPN ( FP-MUL ) ( FP-ROUND ) ) ( FP-UPN ( FP-MUL ) ( FP-ROUND ) ) ( FP-UPN ( FP-MUL ) ( FP-ROUND ) ) ( FP-UPN ( FP-MUL ) ( FP-ROUND ) ) ( FP-UPN ( FP-MUL ) ( FP-ROUND ) ) ( FP-UPN ( FP-MUL ) ( FP-ROUND ) ) ( FP-UPN ( FP-MUL ) ( FP-ROUND ) ) ( FP-UPN ( FP-MUL ) ( FP-ROUND ) ) ( FP-UPN ( FP-MUL ) ( FP-ROUND ) ) ( FP-UPN ( FP-MUL ) ( FP-ROUND ) ) ( FP-UPN ( FP-MUL ) ( FP-ROUND ) ) ( FP-UPN ( FP-MUL ) ( FP-ROUND ) ) ( FP-UPN ( FP-MUL ) ( FP-ROUND ) ) ( FP-UPN ( FP-MUL ) ( FP-ROUND ) )) (/nix/store/qj971xbmpyff2na6b62agy00kzabs7a7-texlive-2025-env-texmfdist/tex/latex/base/fontenc.sty
Package: fontenc 2024/12/21 v2.1c Standard LaTeX package
) (/nix/store/qj971xbmpyff2na6b62agy00kzabs7a7-texlive-2025-env-texmfdist/tex/latex/base/inputenc.sty
Package: inputenc 2024/02/08 v1.3d Input encoding file
\inpenc@prehook=\toks48
\inpenc@posthook=\toks49
) (/nix/store/qj971xbmpyff2na6b62agy00kzabs7a7-texlive-2025-env-texmfdist/tex/latex/lm/lmodern.sty
Package: lmodern 2015/05/01 v1.6.1 Latin Modern Fonts
LaTeX Font Info:    Overwriting symbol font `operators' in version `normal'
(Font)                  OT1/cmr/m/n --> OT1/lmr/m/n on input line 22.
LaTeX Font Info:    Overwriting symbol font `letters' in version `normal'
(Font)                  OML/cmm/m/it --> OML/lmm/m/it on input line 23.
LaTeX Font Info:    Overwriting symbol font `symbols' in version `normal'
(Font)                  OMS/cmsy/m/n --> OMS/lmsy/m/n on input line 24.
LaTeX Font Info:    Overwriting symbol font `largesymbols' in version `normal'
(Font)                  OMX/cmex/m/n --> OMX/lmex/m/n on input line 25.
LaTeX Font Info:    Overwriting symbol font `operators' in version `bold'
(Font)                  OT1/cmr/bx/n --> OT1/lmr/bx/n on input line 26.
LaTeX Font Info:    Overwriting symbol font `letters' in version `bold'
(Font)                  OML/cmm/b/it --> OML/lmm/b/it on input line 27.
LaTeX Font Info:    Overwriting symbol font `symbols' in version `bold'
(Font)                  OMS/cmsy/b/n --> OMS/lmsy/b/n on input line 28.
LaTeX Font Info:    Overwriting symbol font `largesymbols' in version `bold'
(Font)                  OMX/cmex/m/n --> OMX/lmex/m/n on input line 29.
LaTeX Font Info:    Overwriting math alphabet `\mathbf' in version `normal'
(Font)                  OT1/cmr/bx/n --> OT1/lmr/bx/n on input line 31.
LaTeX Font Info:    Overwriting math alphabet `\mathsf' in version `normal'
(Font)                  OT1/cmss/m/n --> OT1/lmss/m/n on input line 32.
LaTeX Font Info:    Overwriting math alphabet `\mathit' in version `normal'
(Font)                  OT1/cmr/m/it --> OT1/lmr/m/it on input line 33.
LaTeX Font Info:    Overwriting math alphabet `\mathtt' in version `normal'
(Font)                  OT1/cmtt/m/n --> OT1/lmtt/m/n on input line 34.
LaTeX Font Info:    Overwriting math alphabet `\mathbf' in version `bold'
(Font)                  OT1/cmr/bx/n --> OT1/lmr/bx/n on input line 35.
LaTeX Font Info:    Overwriting math alphabet `\mathsf' in version `bold'
(Font)                  OT1/cmss/bx/n --> OT1/lmss/bx/n on input line 36.
LaTeX Font Info:    Overwriting math alphabet `\mathit' in version `bold'
(Font)                  OT1/cmr/bx/it --> OT1/lmr/bx/it on input line 37.
LaTeX Font Info:    Overwriting math alphabet `\mathtt' in version `bold'
(Font)                  OT1/cmtt/m/n --> OT1/lmtt/m/n on input line 38.
) (/nix/store/qj971xbmpyff2na6b62agy00kzabs7a7-texlive-2025-env-texmfdist/tex/latex/booktabs/booktabs.sty
Package: booktabs 2020/01/12 v1.61803398 Publication quality tables
\heavyrulewidth=\dimen303
\lightrulewidth=\dimen304
\cmidrulewidth=\dimen305
\belowrulesep=\dimen306
\belowbottomsep=\dimen307
\aboverulesep=\dimen308
\abovetopsep=\dimen309
\cmidrulesep=\dimen310
\cmidrulekern=\dimen311
\defaultaddspace=\dimen312
\@cmidla=\count370
\@cmidlb=\count371
\@aboverulesep=\dimen313
\@belowrulesep=\dimen314
\@thisruleclass=\count372
\@lastruleclass=\count373
\@thisrulewidth=\dimen315
) (/nix/store/qj971xbmpyff2na6b62agy00kzabs7a7-texlive-2025-env-texmfdist/tex/latex/tools/tabularx.sty
Package: tabularx 2023/12/11 v2.12a `tabularx' package (DPC)
 (/nix/store/qj971xbmpyff2na6b62agy00kzabs7a7-texlive-2025-env-texmfdist/tex/latex/tools/array.sty
Package: array 2025/06/08 v2.6j Tabular extension package (FMi)
\col@sep=\dimen316
\ar@mcellbox=\box78
\extrarowheight=\dimen317
\NC@list=\toks50
\extratabsurround=\skip66
\backup@length=\skip67
\ar@cellbox=\box79
)
\TX@col@width=\dimen318
\TX@old@table=\dimen319
\TX@old@col=\dimen320
\TX@target=\dimen321
\TX@delta=\dimen322
\TX@cols=\count374
\TX@ftn=\toks51
) (/nix/store/qj971xbmpyff2na6b62agy00kzabs7a7-texlive-2025-env-texmfdist/tex/latex/enumitem/enumitem.sty
Package: enumitem 2025/02/06 v3.11 Customized lists
\labelindent=\skip68
\enit@outerparindent=\dimen323
\enit@toks=\toks52
\enit@inbox=\box80
\enit@count@id=\count375
\enitdp@description=\count376
) (/nix/store/qj971xbmpyff2na6b62agy00kzabs7a7-texlive-2025-env-texmfdist/tex/latex/microtype/microtype.sty
Package: microtype 2025/02/11 v3.2a Micro-typographical refinements (RS)
\MT@toks=\toks53
\MT@tempbox=\box81
\MT@count=\count377
LaTeX Info: Redefining \noprotrusionifhmode on input line 1087.
LaTeX Info: Redefining \leftprotrusion on input line 1088.
\MT@prot@toks=\toks54
LaTeX Info: Redefining \rightprotrusion on input line 1107.
LaTeX Info: Redefining \textls on input line 1449.
\MT@outer@kern=\dimen324
LaTeX Info: Redefining \microtypecontext on input line 2053.
LaTeX Info: Redefining \textmicrotypecontext on input line 2070.
\MT@listname@count=\count378
 (/nix/store/qj971xbmpyff2na6b62agy00kzabs7a7-texlive-2025-env-texmfdist/tex/latex/microtype/microtype-pdftex.def
File: microtype-pdftex.def 2025/02/11 v3.2a Definitions specific to pdftex (RS)
LaTeX Info: Redefining \lsstyle on input line 944.
LaTeX Info: Redefining \lslig on input line 944.
\MT@outer@space=\skip69
)
Package microtype Info: Loading configuration file microtype.cfg.
 (/nix/store/qj971xbmpyff2na6b62agy00kzabs7a7-texlive-2025-env-texmfdist/tex/latex/microtype/microtype.cfg
File: microtype.cfg 2025/02/11 v3.2a microtype main configuration file (RS)
)
LaTeX Info: Redefining \microtypesetup on input line 3065.
) (/nix/store/qj971xbmpyff2na6b62agy00kzabs7a7-texlive-2025-env-texmfdist/tex/latex/tcolorbox/tcolorbox.sty
Package: tcolorbox 2025/06/04 version 6.6.0 text color boxes
 (/nix/store/qj971xbmpyff2na6b62agy00kzabs7a7-texlive-2025-env-texmfdist/tex/latex/pgf/frontendlayer/tikz.sty (/nix/store/qj971xbmpyff2na6b62agy00kzabs7a7-texlive-2025-env-texmfdist/tex/latex/pgf/basiclayer/pgf.sty
Package: pgf 2023-01-15 v3.1.10 (3.1.10)
 (/nix/store/qj971xbmpyff2na6b62agy00kzabs7a7-texlive-2025-env-texmfdist/tex/generic/pgf/modules/pgfmoduleshapes.code.tex
File: pgfmoduleshapes.code.tex 2023-01-15 v3.1.10 (3.1.10)
\pgfnodeparttextbox=\box82
) (/nix/store/qj971xbmpyff2na6b62agy00kzabs7a7-texlive-2025-env-texmfdist/tex/generic/pgf/modules/pgfmoduleplot.code.tex
File: pgfmoduleplot.code.tex 2023-01-15 v3.1.10 (3.1.10)
) (/nix/store/qj971xbmpyff2na6b62agy00kzabs7a7-texlive-2025-env-texmfdist/tex/latex/pgf/compatibility/pgfcomp-version-0-65.sty
Package: pgfcomp-version-0-65 2023-01-15 v3.1.10 (3.1.10)
\pgf@nodesepstart=\dimen325
\pgf@nodesepend=\dimen326
) (/nix/store/qj971xbmpyff2na6b62agy00kzabs7a7-texlive-2025-env-texmfdist/tex/latex/pgf/compatibility/pgfcomp-version-1-18.sty
Package: pgfcomp-version-1-18 2023-01-15 v3.1.10 (3.1.10)
)) (/nix/store/qj971xbmpyff2na6b62agy00kzabs7a7-texlive-2025-env-texmfdist/tex/latex/pgf/utilities/pgffor.sty (/nix/store/qj971xbmpyff2na6b62agy00kzabs7a7-texlive-2025-env-texmfdist/tex/generic/pgf/utilities/pgffor.code.tex
Package: pgffor 2023-01-15 v3.1.10 (3.1.10)
\pgffor@iter=\dimen327
\pgffor@skip=\dimen328
\pgffor@stack=\toks55
\pgffor@toks=\toks56
)) (/nix/store/qj971xbmpyff2na6b62agy00kzabs7a7-texlive-2025-env-texmfdist/tex/generic/pgf/frontendlayer/tikz/tikz.code.tex
Package: tikz 2023-01-15 v3.1.10 (3.1.10)
 (/nix/store/qj971xbmpyff2na6b62agy00kzabs7a7-texlive-2025-env-texmfdist/tex/generic/pgf/libraries/pgflibraryplothandlers.code.tex
File: pgflibraryplothandlers.code.tex 2023-01-15 v3.1.10 (3.1.10)
\pgf@plot@mark@count=\count379
\pgfplotmarksize=\dimen329
)
\tikz@lastx=\dimen330
\tikz@lasty=\dimen331
\tikz@lastxsaved=\dimen332
\tikz@lastysaved=\dimen333
\tikz@lastmovetox=\dimen334
\tikz@lastmovetoy=\dimen335
\tikzleveldistance=\dimen336
\tikzsiblingdistance=\dimen337
\tikz@figbox=\box83
\tikz@figbox@bg=\box84
\tikz@tempbox=\box85
\tikz@tempbox@bg=\box86
\tikztreelevel=\count380
\tikznumberofchildren=\count381
\tikznumberofcurrentchild=\count382
\tikz@fig@count=\count383
 (/nix/store/qj971xbmpyff2na6b62agy00kzabs7a7-texlive-2025-env-texmfdist/tex/generic/pgf/modules/pgfmodulematrix.code.tex
File: pgfmodulematrix.code.tex 2023-01-15 v3.1.10 (3.1.10)
\pgfmatrixcurrentrow=\count384
\pgfmatrixcurrentcolumn=\count385
\pgf@matrix@numberofcolumns=\count386
)
\tikz@expandcount=\count387
 (/nix/store/qj971xbmpyff2na6b62agy00kzabs7a7-texlive-2025-env-texmfdist/tex/generic/pgf/frontendlayer/tikz/libraries/tikzlibrarytopaths.code.tex
File: tikzlibrarytopaths.code.tex 2023-01-15 v3.1.10 (3.1.10)
))) (/nix/store/qj971xbmpyff2na6b62agy00kzabs7a7-texlive-2025-env-texmfdist/tex/latex/tools/verbatim.sty
Package: verbatim 2024-01-22 v1.5x LaTeX2e package for verbatim enhancements
\every@verbatim=\toks57
\verbatim@line=\toks58
\verbatim@in@stream=\read3
) (/nix/store/qj971xbmpyff2na6b62agy00kzabs7a7-texlive-2025-env-texmfdist/tex/latex/environ/environ.sty
Package: environ 2014/05/04 v0.3 A new way to define environments
 (/nix/store/qj971xbmpyff2na6b62agy00kzabs7a7-texlive-2025-env-texmfdist/tex/latex/trimspaces/trimspaces.sty
Package: trimspaces 2009/09/17 v1.1 Trim spaces around a token list
))
\tcb@titlebox=\box87
\tcb@upperbox=\box88
\tcb@lowerbox=\box89
\tcb@phantombox=\box90
\c@tcbbreakpart=\count388
\c@tcblayer=\count389
\c@tcolorbox@number=\count390
\l__tcobox_tmpa_box=\box91
\l__tcobox_tmpa_dim=\dimen338
\tcb@temp=\box92
\tcb@temp=\box93
\tcb@temp=\box94
\tcb@temp=\box95
) (/nix/store/qj971xbmpyff2na6b62agy00kzabs7a7-texlive-2025-env-texmfdist/tex/generic/pgf/libraries/pgflibraryarrows.meta.code.tex
File: pgflibraryarrows.meta.code.tex 2023-01-15 v3.1.10 (3.1.10)
\pgfarrowinset=\dimen339
\pgfarrowlength=\dimen340
\pgfarrowwidth=\dimen341
\pgfarrowlinewidth=\dimen342
) (/nix/store/qj971xbmpyff2na6b62agy00kzabs7a7-texlive-2025-env-texmfdist/tex/generic/pgf/frontendlayer/tikz/libraries/tikzlibrarypositioning.code.tex
File: tikzlibrarypositioning.code.tex 2023-01-15 v3.1.10 (3.1.10)
) (/nix/store/qj971xbmpyff2na6b62agy00kzabs7a7-texlive-2025-env-texmfdist/tex/generic/pgf/frontendlayer/tikz/libraries/tikzlibraryshapes.geometric.code.tex
File: tikzlibraryshapes.geometric.code.tex 2023-01-15 v3.1.10 (3.1.10)
 (/nix/store/qj971xbmpyff2na6b62agy00kzabs7a7-texlive-2025-env-texmfdist/tex/generic/pgf/libraries/shapes/pgflibraryshapes.geometric.code.tex
File: pgflibraryshapes.geometric.code.tex 2023-01-15 v3.1.10 (3.1.10)
)) (/nix/store/qj971xbmpyff2na6b62agy00kzabs7a7-texlive-2025-env-texmfdist/tex/latex/tcolorbox/tcbskins.code.tex
Library (tcolorbox): 'tcbskins.code.tex' version '6.6.0'
(/nix/store/qj971xbmpyff2na6b62agy00kzabs7a7-texlive-2025-env-texmfdist/tex/latex/tikzfill/tikzfill.image.sty
Package: tikzfill.image 2023/08/08 v1.0.1 Image filling library for TikZ
 (/nix/store/qj971xbmpyff2na6b62agy00kzabs7a7-texlive-2025-env-texmfdist/tex/latex/tikzfill/tikzfill-common.sty
Package: tikzfill-common 2023/08/08 v1.0.1 Auxiliary code for tikzfill
) (/nix/store/qj971xbmpyff2na6b62agy00kzabs7a7-texlive-2025-env-texmfdist/tex/latex/tikzfill/tikzlibraryfill.image.code.tex
File: tikzlibraryfill.image.code.tex 2023/08/08 v1.0.1 Image filling library
\l__tikzfill_img_box=\box96
)) (/nix/store/qj971xbmpyff2na6b62agy00kzabs7a7-texlive-2025-env-texmfdist/tex/latex/tcolorbox/tcbskinsjigsaw.code.tex
Library (tcolorbox): 'tcbskinsjigsaw.code.tex' version '6.6.0'
)) (/nix/store/qj971xbmpyff2na6b62agy00kzabs7a7-texlive-2025-env-texmfdist/tex/latex/tcolorbox/tcbbreakable.code.tex
Library (tcolorbox): 'tcbbreakable.code.tex' version '6.6.0'
(/nix/store/qj971xbmpyff2na6b62agy00kzabs7a7-texlive-2025-env-texmfdist/tex/latex/pdfcol/pdfcol.sty
Package: pdfcol 2022-09-21 v1.7 Handle new color stacks for pdfTeX (HO)
)
Package pdfcol Info: New color stack `tcb@breakable' = 1 on input line 23.
\tcb@testbox=\box97
\tcb@totalupperbox=\box98
\tcb@totallowerbox=\box99
)
LaTeX Font Info:    Trying to load font information for T1+lmss on input line 85.
 (/nix/store/qj971xbmpyff2na6b62agy00kzabs7a7-texlive-2025-env-texmfdist/tex/latex/lm/t1lmss.fd
File: t1lmss.fd 2015/05/01 v1.6.1 Font defs for Latin Modern
) (/nix/store/qj971xbmpyff2na6b62agy00kzabs7a7-texlive-2025-env-texmfdist/tex/latex/l3backend/l3backend-pdftex.def
File: l3backend-pdftex.def 2025-06-09 L3 backend support: PDF output (pdfTeX)
\l__color_backend_stack_int=\count391
) (./poster.aux)
\openout1 = `poster.aux'.

LaTeX Font Info:    Checking defaults for OML/cmm/m/it on input line 85.
LaTeX Font Info:    ... okay on input line 85.
LaTeX Font Info:    Checking defaults for OMS/cmsy/m/n on input line 85.
LaTeX Font Info:    ... okay on input line 85.
LaTeX Font Info:    Checking defaults for OT1/cmr/m/n on input line 85.
LaTeX Font Info:    ... okay on input line 85.
LaTeX Font Info:    Checking defaults for T1/cmr/m/n on input line 85.
LaTeX Font Info:    ... okay on input line 85.
LaTeX Font Info:    Checking defaults for TS1/cmr/m/n on input line 85.
LaTeX Font Info:    ... okay on input line 85.
LaTeX Font Info:    Checking defaults for OMX/cmex/m/n on input line 85.
LaTeX Font Info:    ... okay on input line 85.
LaTeX Font Info:    Checking defaults for U/cmr/m/n on input line 85.
LaTeX Font Info:    ... okay on input line 85.
LaTeX Font Info:    Checking defaults for PD1/pdf/m/n on input line 85.
LaTeX Font Info:    ... okay on input line 85.
LaTeX Font Info:    Checking defaults for PU/pdf/m/n on input line 85.
LaTeX Font Info:    ... okay on input line 85.

*geometry* driver: auto-detecting
*geometry* detected driver: pdftex
*geometry* verbose mode - [ preamble ] result:
* driver: pdftex
* paper: custom
* layout: <same size as paper>
* layoutoffset:(h,v)=(0.0pt,0.0pt)
* modes: includehead includefoot 
* h-part:(L,W,R)=(28.45274pt, 2335.97145pt, 28.45274pt)
* v-part:(T,H,B)=(0.0pt, 3383.0325pt, 0.0pt)
* \paperwidth=2392.87694pt
* \paperheight=3383.0325pt
* \textwidth=2335.97145pt
* \textheight=3354.57977pt
* \oddsidemargin=-43.81725pt
* \evensidemargin=-43.81725pt
* \topmargin=-72.26999pt
* \headheight=14.22636pt
* \headsep=0.0pt
* \topskip=11.0pt
* \footskip=14.22636pt
* \marginparwidth=4.0pt
* \marginparsep=10.0pt
* \columnsep=10.0pt
* \skip\footins=10.0pt plus 4.0pt minus 2.0pt
* \hoffset=0.0pt
* \voffset=0.0pt
* \mag=1000
* \@twocolumnfalse
* \@twosidefalse
* \@mparswitchfalse
* \@reversemarginfalse
* (1in=72.27pt=25.4mm, 1cm=28.453pt)

(/nix/store/qj971xbmpyff2na6b62agy00kzabs7a7-texlive-2025-env-texmfdist/tex/context/base/mkii/supp-pdf.mkii
[Loading MPS to PDF converter (version 2006.09.02).]
\scratchcounter=\count392
\scratchdimen=\dimen343
\scratchbox=\box100
\nofMPsegments=\count393
\nofMParguments=\count394
\everyMPshowfont=\toks59
\MPscratchCnt=\count395
\MPscratchDim=\dimen344
\MPnumerator=\count396
\makeMPintoPDFobject=\count397
\everyMPtoPDFconversion=\toks60
) (/nix/store/qj971xbmpyff2na6b62agy00kzabs7a7-texlive-2025-env-texmfdist/tex/latex/epstopdf-pkg/epstopdf-base.sty
Package: epstopdf-base 2020-01-24 v2.11 Base part for package epstopdf
Package epstopdf-base Info: Redefining graphics rule for `.eps' on input line 485.
 (/nix/store/qj971xbmpyff2na6b62agy00kzabs7a7-texlive-2025-env-texmfdist/tex/latex/latexconfig/epstopdf-sys.cfg
File: epstopdf-sys.cfg 2010/07/13 v1.3 Configuration of (r)epstopdf for TeX Live
))
Package hyperref Info: Link coloring OFF on input line 85.
 (./poster.out) (./poster.out)
\@outlinefile=\write5
\openout5 = `poster.out'.

LaTeX Font Info:    Overwriting symbol font `operators' in version `normal'
(Font)                  OT1/lmr/m/n --> OT1/cmss/m/n on input line 85.
LaTeX Font Info:    Overwriting symbol font `operators' in version `bold'
(Font)                  OT1/lmr/bx/n --> OT1/cmss/b/n on input line 85.
LaTeX Font Info:    Overwriting symbol font `operators' in version `normal'
(Font)                  OT1/cmss/m/n --> OT1/lmss/m/n on input line 85.
LaTeX Font Info:    Overwriting symbol font `operators' in version `bold'
(Font)                  OT1/cmss/b/n --> OT1/lmss/b/n on input line 85.
\symnumbers=\mathgroup6
\sympureletters=\mathgroup7
LaTeX Font Info:    Overwriting math alphabet `\mathrm' in version `normal'
(Font)                  OT1/lmss/m/n --> T1/lmr/m/n on input line 85.
LaTeX Font Info:    Redeclaring math alphabet \mathbf on input line 85.
LaTeX Font Info:    Overwriting math alphabet `\mathbf' in version `normal'
(Font)                  OT1/lmr/bx/n --> T1/lmss/b/n on input line 85.
LaTeX Font Info:    Overwriting math alphabet `\mathbf' in version `bold'
(Font)                  OT1/lmr/bx/n --> T1/lmss/b/n on input line 85.
LaTeX Font Info:    Redeclaring math alphabet \mathsf on input line 85.
LaTeX Font Info:    Overwriting math alphabet `\mathsf' in version `normal'
(Font)                  OT1/lmss/m/n --> T1/lmss/m/n on input line 85.
LaTeX Font Info:    Overwriting math alphabet `\mathsf' in version `bold'
(Font)                  OT1/lmss/bx/n --> T1/lmss/m/n on input line 85.
LaTeX Font Info:    Redeclaring math alphabet \mathit on input line 85.
LaTeX Font Info:    Overwriting math alphabet `\mathit' in version `normal'
(Font)                  OT1/lmr/m/it --> T1/lmss/m/it on input line 85.
LaTeX Font Info:    Overwriting math alphabet `\mathit' in version `bold'
(Font)                  OT1/lmr/bx/it --> T1/lmss/m/it on input line 85.
LaTeX Font Info:    Redeclaring math alphabet \mathtt on input line 85.
LaTeX Font Info:    Overwriting math alphabet `\mathtt' in version `normal'
(Font)                  OT1/lmtt/m/n --> T1/lmtt/m/n on input line 85.
LaTeX Font Info:    Overwriting math alphabet `\mathtt' in version `bold'
(Font)                  OT1/lmtt/m/n --> T1/lmtt/m/n on input line 85.
LaTeX Font Info:    Overwriting symbol font `numbers' in version `bold'
(Font)                  T1/lmss/m/n --> T1/lmss/b/n on input line 85.
LaTeX Font Info:    Overwriting symbol font `pureletters' in version `bold'
(Font)                  T1/lmss/m/it --> T1/lmss/b/it on input line 85.
LaTeX Font Info:    Overwriting math alphabet `\mathrm' in version `bold'
(Font)                  OT1/lmss/b/n --> T1/lmr/b/n on input line 85.
LaTeX Font Info:    Overwriting math alphabet `\mathbf' in version `bold'
(Font)                  T1/lmss/b/n --> T1/lmss/b/n on input line 85.
LaTeX Font Info:    Overwriting math alphabet `\mathsf' in version `bold'
(Font)                  T1/lmss/m/n --> T1/lmss/b/n on input line 85.
LaTeX Font Info:    Overwriting math alphabet `\mathit' in version `bold'
(Font)                  T1/lmss/m/it --> T1/lmss/b/it on input line 85.
LaTeX Font Info:    Overwriting math alphabet `\mathtt' in version `bold'
(Font)                  T1/lmtt/m/n --> T1/lmtt/b/n on input line 85.
 (/nix/store/qj971xbmpyff2na6b62agy00kzabs7a7-texlive-2025-env-texmfdist/tex/latex/translator/translator-basic-dictionary-English.dict
Dictionary: translator-basic-dictionary, Language: English 
) (/nix/store/qj971xbmpyff2na6b62agy00kzabs7a7-texlive-2025-env-texmfdist/tex/latex/translator/translator-bibliography-dictionary-English.dict
Dictionary: translator-bibliography-dictionary, Language: English 
) (/nix/store/qj971xbmpyff2na6b62agy00kzabs7a7-texlive-2025-env-texmfdist/tex/latex/translator/translator-environment-dictionary-English.dict
Dictionary: translator-environment-dictionary, Language: English 
) (/nix/store/qj971xbmpyff2na6b62agy00kzabs7a7-texlive-2025-env-texmfdist/tex/latex/translator/translator-months-dictionary-English.dict
Dictionary: translator-months-dictionary, Language: English 
) (/nix/store/qj971xbmpyff2na6b62agy00kzabs7a7-texlive-2025-env-texmfdist/tex/latex/translator/translator-numbers-dictionary-English.dict
Dictionary: translator-numbers-dictionary, Language: English 
) (/nix/store/qj971xbmpyff2na6b62agy00kzabs7a7-texlive-2025-env-texmfdist/tex/latex/translator/translator-theorem-dictionary-English.dict
Dictionary: translator-theorem-dictionary, Language: English 
)
LaTeX Info: Redefining \microtypecontext on input line 85.
Package microtype Info: Applying patch `item' on input line 85.
Package microtype Info: Applying patch `toc' on input line 85.
Package microtype Info: Applying patch `eqnum' on input line 85.
Package microtype Info: Applying patch `footnote' on input line 85.
Package microtype Info: Applying patch `verbatim' on input line 85.
LaTeX Info: Redefining \microtypesetup on input line 85.
Package microtype Info: Generating PDF output.
Package microtype Info: Character protrusion enabled (level 2).
Package microtype Info: Using default protrusion set `alltext'.
Package microtype Info: Automatic font expansion enabled (level 2),
(microtype)             stretch: 20, shrink: 20, step: 1, non-selected.
Package microtype Info: Using default expansion set `alltext-nott'.


LaTeX Warning: Command \showhyphens   has changed.
               Check if current package is valid.

LaTeX Info: Redefining \showhyphens on input line 85.
Package microtype Info: No adjustment of tracking.
Package microtype Info: No adjustment of interword spacing.
Package microtype Info: No adjustment of character kerning.
Package microtype Info: Loading generic protrusion settings for font family
(microtype)             `lmss' (encoding: T1).
(microtype)             For optimal results, create family-specific settings.
(microtype)             See the microtype manual for details.
(./poster.nav)
LaTeX Font Info:    Trying to load font information for TS1+lmss on input line 418.
 (/nix/store/qj971xbmpyff2na6b62agy00kzabs7a7-texlive-2025-env-texmfdist/tex/latex/lm/ts1lmss.fd
File: ts1lmss.fd 2015/05/01 v1.6.1 Font defs for Latin Modern
)
Package microtype Info: Loading generic protrusion settings for font family
(microtype)             `lmss' (encoding: TS1).
(microtype)             For optimal results, create family-specific settings.
(microtype)             See the microtype manual for details.
LaTeX Font Info:    Calculating math sizes for size <22> on input line 418.
LaTeX Font Info:    Trying to load font information for OT1+lmss on input line 418.
 (/nix/store/qj971xbmpyff2na6b62agy00kzabs7a7-texlive-2025-env-texmfdist/tex/latex/lm/ot1lmss.fd
File: ot1lmss.fd 2015/05/01 v1.6.1 Font defs for Latin Modern
)
Package microtype Info: Loading generic protrusion settings for font family
(microtype)             `lmss' (encoding: OT1).
(microtype)             For optimal results, create family-specific settings.
(microtype)             See the microtype manual for details.
LaTeX Font Info:    Trying to load font information for OML+lmm on input line 418.
 (/nix/store/qj971xbmpyff2na6b62agy00kzabs7a7-texlive-2025-env-texmfdist/tex/latex/lm/omllmm.fd
File: omllmm.fd 2015/05/01 v1.6.1 Font defs for Latin Modern
)
LaTeX Font Info:    Trying to load font information for OMS+lmsy on input line 418.
 (/nix/store/qj971xbmpyff2na6b62agy00kzabs7a7-texlive-2025-env-texmfdist/tex/latex/lm/omslmsy.fd
File: omslmsy.fd 2015/05/01 v1.6.1 Font defs for Latin Modern
)
LaTeX Font Info:    Trying to load font information for OMX+lmex on input line 418.
 (/nix/store/qj971xbmpyff2na6b62agy00kzabs7a7-texlive-2025-env-texmfdist/tex/latex/lm/omxlmex.fd
File: omxlmex.fd 2015/05/01 v1.6.1 Font defs for Latin Modern
)
LaTeX Font Info:    External font `lmex10' loaded for size
(Font)              <22> on input line 418.
LaTeX Font Info:    External font `lmex10' loaded for size
(Font)              <15.39993> on input line 418.
LaTeX Font Info:    External font `lmex10' loaded for size
(Font)              <11> on input line 418.
 (/nix/store/qj971xbmpyff2na6b62agy00kzabs7a7-texlive-2025-env-texmfdist/tex/latex/microtype/mt-msa.cfg
File: mt-msa.cfg 2006/02/04 v1.1 microtype config. file: AMS symbols (a) (RS)
) (/nix/store/qj971xbmpyff2na6b62agy00kzabs7a7-texlive-2025-env-texmfdist/tex/latex/microtype/mt-msb.cfg
File: mt-msb.cfg 2005/06/01 v1.0 microtype config. file: AMS symbols (b) (RS)
)
LaTeX Font Info:    Font shape `T1/lmss/m/it' in size <22> not available
(Font)              Font shape `T1/lmss/m/sl' tried instead on input line 418.
LaTeX Font Info:    Font shape `T1/lmss/m/it' in size <15.39993> not available
(Font)              Font shape `T1/lmss/m/sl' tried instead on input line 418.
LaTeX Font Info:    Font shape `T1/lmss/m/it' in size <11> not available
(Font)              Font shape `T1/lmss/m/sl' tried instead on input line 418.
LaTeX Font Info:    Font shape `T1/lmss/m/it' in size <28> not available
(Font)              Font shape `T1/lmss/m/sl' tried instead on input line 418.
<figures/eda_boxplot_total_usage.png, id=13, 1561.835pt x 869.2475pt>
File: figures/eda_boxplot_total_usage.png Graphic file (type png)
<use figures/eda_boxplot_total_usage.png>
Package pdftex.def Info: figures/eda_boxplot_total_usage.png  used on input line 418.
(pdftex.def)             Requested size: 676.20378pt x 376.34229pt.

Underfull \hbox (badness 10000) in paragraph at lines 418--418

 []

<figures/eda_lag_correlations.png, id=15, 1320.935pt x 491.8375pt>
File: figures/eda_lag_correlations.png Graphic file (type png)
<use figures/eda_lag_correlations.png>
Package pdftex.def Info: figures/eda_lag_correlations.png  used on input line 418.
(pdftex.def)             Requested size: 676.20378pt x 251.78691pt.
(/nix/store/qj971xbmpyff2na6b62agy00kzabs7a7-texlive-2025-env-texmfdist/tex/latex/lm/t1lmtt.fd)
LaTeX Font Info:    Calculating math sizes for size <33.59> on input line 418.
LaTeX Font Info:    External font `lmex10' loaded for size
(Font)              <33.59> on input line 418.
LaTeX Font Info:    External font `lmex10' loaded for size
(Font)              <23.5129> on input line 418.
LaTeX Font Info:    External font `lmex10' loaded for size
(Font)              <16.795> on input line 418.
LaTeX Font Info:    Font shape `T1/lmss/m/it' in size <33.59> not available
(Font)              Font shape `T1/lmss/m/sl' tried instead on input line 418.
LaTeX Font Info:    Font shape `T1/lmss/m/it' in size <23.5129> not available
(Font)              Font shape `T1/lmss/m/sl' tried instead on input line 418.
LaTeX Font Info:    Font shape `T1/lmss/m/it' in size <16.795> not available
(Font)              Font shape `T1/lmss/m/sl' tried instead on input line 418.
LaTeX Font Info:    Font shape `OT1/lmss/b/n' in size <28> not available
(Font)              Font shape `OT1/lmss/bx/n' tried instead on input line 418.
LaTeX Font Info:    Font shape `OT1/lmss/b/n' in size <19.59991> not available
(Font)              Font shape `OT1/lmss/bx/n' tried instead on input line 418.
LaTeX Font Info:    Font shape `OT1/lmss/b/n' in size <14> not available
(Font)              Font shape `OT1/lmss/bx/n' tried instead on input line 418.
LaTeX Font Info:    Font shape `T1/lmss/b/n' in size <28> not available
(Font)              Font shape `T1/lmss/bx/n' tried instead on input line 418.
LaTeX Font Info:    Font shape `T1/lmss/b/n' in size <19.59991> not available
(Font)              Font shape `T1/lmss/bx/n' tried instead on input line 418.
LaTeX Font Info:    Font shape `T1/lmss/b/n' in size <14> not available
(Font)              Font shape `T1/lmss/bx/n' tried instead on input line 418.
LaTeX Font Info:    Font shape `T1/lmss/b/it' in size <28> not available
(Font)              Font shape `T1/lmss/bx/it' tried instead on input line 418.
LaTeX Font Info:    Font shape `T1/lmss/bx/it' in size <28> not available
(Font)              Font shape `T1/lmss/bx/sl' tried instead on input line 418.
LaTeX Font Info:    Font shape `T1/lmss/b/it' in size <19.59991> not available
(Font)              Font shape `T1/lmss/bx/it' tried instead on input line 418.
LaTeX Font Info:    Font shape `T1/lmss/bx/it' in size <19.59991> not available
(Font)              Font shape `T1/lmss/bx/sl' tried instead on input line 418.
LaTeX Font Info:    Font shape `T1/lmss/b/it' in size <14> not available
(Font)              Font shape `T1/lmss/bx/it' tried instead on input line 418.
LaTeX Font Info:    Font shape `T1/lmss/bx/it' in size <14> not available
(Font)              Font shape `T1/lmss/bx/sl' tried instead on input line 418.
<figures/opt_penalty_summary.png, id=16, 1541.76pt x 752.8125pt>
File: figures/opt_penalty_summary.png Graphic file (type png)
<use figures/opt_penalty_summary.png>
Package pdftex.def Info: figures/opt_penalty_summary.png  used on input line 418.
(pdftex.def)             Requested size: 676.20378pt x 330.17023pt.


[1

{/nix/store/ircxxmnj7584drddhzrk8r1pq63a24x9-texlive-2025-env/share/texmf-var/fonts/map/pdftex/updmap/pdftex.map}{/nix/store/qj971xbmpyff2na6b62agy00kzabs7a7-texlive-2025-env-texmfdist/fonts/enc/dvips/lm/lm-ec.enc}{/nix/store/qj971xbmpyff2na6b62agy00kzabs7a7-texlive-2025-env-texmfdist/fonts/enc/dvips/lm/lm-ts1.enc}{/nix/store/qj971xbmpyff2na6b62agy00kzabs7a7-texlive-2025-env-texmfdist/fonts/enc/dvips/lm/lm-mathsy.enc}{/nix/store/qj971xbmpyff2na6b62agy00kzabs7a7-texlive-2025-env-texmfdist/fonts/enc/dvips/lm/lm-rm.enc} <./figures/eda_boxplot_total_usage.png> <./figures/eda_lag_correlations.png> <./figures/opt_penalty_summary.png>]
\tf@nav=\write6
\openout6 = `poster.nav'.

\tf@toc=\write7
\openout7 = `poster.toc'.

\tf@snm=\write8
\openout8 = `poster.snm'.

 (./poster.aux)
 ***********
LaTeX2e <2025-06-01> patch level 1
L3 programming layer <2025-06-09>
 ***********
Package rerunfilecheck Info: File `poster.out' has not changed.
(rerunfilecheck)             Checksum: D41D8CD98F00B204E9800998ECF8427E;0.
 ) 
Here is how much of TeX's memory you used:
 33308 strings out of 467890
 695503 string characters out of 5410143
 1302159 words of memory out of 5000000
 60951 multiletter control sequences out of 15000+600000
 821248 words of font info for 293 fonts, out of 8000000 for 9000
 1141 hyphenation exceptions out of 8191
 128i,15n,123p,1038b,1846s stack positions out of 10000i,1000n,20000p,200000b,200000s
</nix/store/qj971xbmpyff2na6b62agy00kzabs7a7-texlive-2025-env-texmfdist/fonts/type1/public/lm/lmss17.pfb></nix/store/qj971xbmpyff2na6b62agy00kzabs7a7-texlive-2025-env-texmfdist/fonts/type1/public/lm/lmssbx10.pfb></nix/store/qj971xbmpyff2na6b62agy00kzabs7a7-texlive-2025-env-texmfdist/fonts/type1/public/lm/lmsso17.pfb></nix/store/qj971xbmpyff2na6b62agy00kzabs7a7-texlive-2025-env-texmfdist/fonts/type1/public/lm/lmsy10.pfb></nix/store/qj971xbmpyff2na6b62agy00kzabs7a7-texlive-2025-env-texmfdist/fonts/type1/public/lm/lmtt12.pfb>
Output written on poster.pdf (1 page, 210554 bytes).
PDF statistics:
 65 PDF objects out of 1000 (max. 8388607)
 37 compressed objects within 1 object stream
 3 named destinations out of 1000 (max. 500000)
 121402 words of extra memory for PDF output out of 128383 (max. 10000000)

