This is pdfTeX, Version 3.141592653-2.6-1.40.27 (TeX Live 2025/nixos.org) (preloaded format=pdflatex 1980.1.1)  25 APR 2026 18:14
entering extended mode
 restricted \write18 enabled.
 file:line:error style messages enabled.
 %&-line parsing enabled.
**/home/vandy/work/dgup/Report/latex/report.tex
(/home/vandy/work/dgup/Report/latex/report.tex
LaTeX2e <2025-06-01> patch level 1
L3 programming layer <2025-06-09>
(/nix/store/qj971xbmpyff2na6b62agy00kzabs7a7-texlive-2025-env-texmfdist/tex/latex/base/article.cls
Document Class: article 2025/01/22 v1.4n Standard LaTeX document class
(/nix/store/qj971xbmpyff2na6b62agy00kzabs7a7-texlive-2025-env-texmfdist/tex/latex/base/size10.clo
File: size10.clo 2025/01/22 v1.4n Standard LaTeX file (size option)
)
\c@part=\count275
\c@section=\count276
\c@subsection=\count277
\c@subsubsection=\count278
\c@paragraph=\count279
\c@subparagraph=\count280
\c@figure=\count281
\c@table=\count282
\abovecaptionskip=\skip49
\belowcaptionskip=\skip50
\bibindent=\dimen148
) (/nix/store/qj971xbmpyff2na6b62agy00kzabs7a7-texlive-2025-env-texmfdist/tex/latex/geometry/geometry.sty
Package: geometry 2020/01/02 v5.9 Page Geometry
 (/nix/store/qj971xbmpyff2na6b62agy00kzabs7a7-texlive-2025-env-texmfdist/tex/latex/graphics/keyval.sty
Package: keyval 2022/05/29 v1.15 key=value parser (DPC)
\KV@toks@=\toks17
) (/nix/store/qj971xbmpyff2na6b62agy00kzabs7a7-texlive-2025-env-texmfdist/tex/generic/iftex/ifvtex.sty
Package: ifvtex 2019/10/25 v1.7 ifvtex legacy package. Use iftex instead.
 (/nix/store/qj971xbmpyff2na6b62agy00kzabs7a7-texlive-2025-env-texmfdist/tex/generic/iftex/iftex.sty
Package: iftex 2024/12/12 v1.0g TeX engine tests
))
\Gm@cnth=\count283
\Gm@cntv=\count284
\c@Gm@tempcnt=\count285
\Gm@bindingoffset=\dimen149
\Gm@wd@mp=\dimen150
\Gm@odd@mp=\dimen151
\Gm@even@mp=\dimen152
\Gm@layoutwidth=\dimen153
\Gm@layoutheight=\dimen154
\Gm@layouthoffset=\dimen155
\Gm@layoutvoffset=\dimen156
\Gm@dimlist=\toks18
) (/nix/store/qj971xbmpyff2na6b62agy00kzabs7a7-texlive-2025-env-texmfdist/tex/latex/base/fontenc.sty
Package: fontenc 2024/12/21 v2.1c Standard LaTeX package
) (/nix/store/qj971xbmpyff2na6b62agy00kzabs7a7-texlive-2025-env-texmfdist/tex/latex/base/inputenc.sty
Package: inputenc 2024/02/08 v1.3d Input encoding file
\inpenc@prehook=\toks19
\inpenc@posthook=\toks20
) (/nix/store/qj971xbmpyff2na6b62agy00kzabs7a7-texlive-2025-env-texmfdist/tex/latex/microtype/microtype.sty
Package: microtype 2025/02/11 v3.2a Micro-typographical refinements (RS)
 (/nix/store/qj971xbmpyff2na6b62agy00kzabs7a7-texlive-2025-env-texmfdist/tex/latex/etoolbox/etoolbox.sty
Package: etoolbox 2025/02/11 v2.5l e-TeX tools for LaTeX (JAW)
\etb@tempcnta=\count286
)
\MT@toks=\toks21
\MT@tempbox=\box53
\MT@count=\count287
LaTeX Info: Redefining \noprotrusionifhmode on input line 1087.
LaTeX Info: Redefining \leftprotrusion on input line 1088.
\MT@prot@toks=\toks22
LaTeX Info: Redefining \rightprotrusion on input line 1107.
LaTeX Info: Redefining \textls on input line 1449.
\MT@outer@kern=\dimen157
LaTeX Info: Redefining \microtypecontext on input line 2053.
LaTeX Info: Redefining \textmicrotypecontext on input line 2070.
\MT@listname@count=\count288
 (/nix/store/qj971xbmpyff2na6b62agy00kzabs7a7-texlive-2025-env-texmfdist/tex/latex/microtype/microtype-pdftex.def
File: microtype-pdftex.def 2025/02/11 v3.2a Definitions specific to pdftex (RS)
LaTeX Info: Redefining \lsstyle on input line 944.
LaTeX Info: Redefining \lslig on input line 944.
\MT@outer@space=\skip51
)
Package microtype Info: Loading configuration file microtype.cfg.
 (/nix/store/qj971xbmpyff2na6b62agy00kzabs7a7-texlive-2025-env-texmfdist/tex/latex/microtype/microtype.cfg
File: microtype.cfg 2025/02/11 v3.2a microtype main configuration file (RS)
)
LaTeX Info: Redefining \microtypesetup on input line 3065.
) (/nix/store/qj971xbmpyff2na6b62agy00kzabs7a7-texlive-2025-env-texmfdist/tex/latex/graphics/graphicx.sty
Package: graphicx 2024/12/31 v1.2e Enhanced LaTeX Graphics (DPC,SPQR)
 (/nix/store/qj971xbmpyff2na6b62agy00kzabs7a7-texlive-2025-env-texmfdist/tex/latex/graphics/graphics.sty
Package: graphics 2024/08/06 v1.4g Standard LaTeX Graphics (DPC,SPQR)
 (/nix/store/qj971xbmpyff2na6b62agy00kzabs7a7-texlive-2025-env-texmfdist/tex/latex/graphics/trig.sty
Package: trig 2023/12/02 v1.11 sin cos tan (DPC)
) (/nix/store/qj971xbmpyff2na6b62agy00kzabs7a7-texlive-2025-env-texmfdist/tex/latex/graphics-cfg/graphics.cfg
File: graphics.cfg 2016/06/04 v1.11 sample graphics configuration
)
Package graphics Info: Driver file: pdftex.def on input line 106.
 (/nix/store/qj971xbmpyff2na6b62agy00kzabs7a7-texlive-2025-env-texmfdist/tex/latex/graphics-def/pdftex.def
File: pdftex.def 2024/04/13 v1.2c Graphics/color driver for pdftex
))
\Gin@req@height=\dimen158
\Gin@req@width=\dimen159
) (/nix/store/qj971xbmpyff2na6b62agy00kzabs7a7-texlive-2025-env-texmfdist/tex/latex/float/float.sty
Package: float 2001/11/08 v1.3d Float enhancements (AL)
\c@float@type=\count289
\float@exts=\toks23
\float@box=\box54
\@float@everytoks=\toks24
\@floatcapt=\box55
) (/nix/store/qj971xbmpyff2na6b62agy00kzabs7a7-texlive-2025-env-texmfdist/tex/latex/booktabs/booktabs.sty
Package: booktabs 2020/01/12 v1.61803398 Publication quality tables
\heavyrulewidth=\dimen160
\lightrulewidth=\dimen161
\cmidrulewidth=\dimen162
\belowrulesep=\dimen163
\belowbottomsep=\dimen164
\aboverulesep=\dimen165
\abovetopsep=\dimen166
\cmidrulesep=\dimen167
\cmidrulekern=\dimen168
\defaultaddspace=\dimen169
\@cmidla=\count290
\@cmidlb=\count291
\@aboverulesep=\dimen170
\@belowrulesep=\dimen171
\@thisruleclass=\count292
\@lastruleclass=\count293
\@thisrulewidth=\dimen172
) (/nix/store/qj971xbmpyff2na6b62agy00kzabs7a7-texlive-2025-env-texmfdist/tex/latex/tools/tabularx.sty
Package: tabularx 2023/12/11 v2.12a `tabularx' package (DPC)
 (/nix/store/qj971xbmpyff2na6b62agy00kzabs7a7-texlive-2025-env-texmfdist/tex/latex/tools/array.sty
Package: array 2025/06/08 v2.6j Tabular extension package (FMi)
\col@sep=\dimen173
\ar@mcellbox=\box56
\extrarowheight=\dimen174
\NC@list=\toks25
\extratabsurround=\skip52
\backup@length=\skip53
\ar@cellbox=\box57
)
\TX@col@width=\dimen175
\TX@old@table=\dimen176
\TX@old@col=\dimen177
\TX@target=\dimen178
\TX@delta=\dimen179
\TX@cols=\count294
\TX@ftn=\toks26
) (/nix/store/qj971xbmpyff2na6b62agy00kzabs7a7-texlive-2025-env-texmfdist/tex/latex/enumitem/enumitem.sty
Package: enumitem 2025/02/06 v3.11 Customized lists
\labelindent=\skip54
\enit@outerparindent=\dimen180
\enit@toks=\toks27
\enit@inbox=\box58
\enit@count@id=\count295
\enitdp@description=\count296
) (/nix/store/qj971xbmpyff2na6b62agy00kzabs7a7-texlive-2025-env-texmfdist/tex/latex/amsmath/amsmath.sty
Package: amsmath 2025/06/16 v2.17y AMS math features
\@mathmargin=\skip55

For additional information on amsmath, use the `?' option.
(/nix/store/qj971xbmpyff2na6b62agy00kzabs7a7-texlive-2025-env-texmfdist/tex/latex/amsmath/amstext.sty
Package: amstext 2024/11/17 v2.01 AMS text
 (/nix/store/qj971xbmpyff2na6b62agy00kzabs7a7-texlive-2025-env-texmfdist/tex/latex/amsmath/amsgen.sty
File: amsgen.sty 1999/11/30 v2.0 generic functions
\@emptytoks=\toks28
\ex@=\dimen181
)) (/nix/store/qj971xbmpyff2na6b62agy00kzabs7a7-texlive-2025-env-texmfdist/tex/latex/amsmath/amsbsy.sty
Package: amsbsy 1999/11/29 v1.2d Bold Symbols
\pmbraise@=\dimen182
) (/nix/store/qj971xbmpyff2na6b62agy00kzabs7a7-texlive-2025-env-texmfdist/tex/latex/amsmath/amsopn.sty
Package: amsopn 2022/04/08 v2.04 operator names
)
\inf@bad=\count297
LaTeX Info: Redefining \frac on input line 233.
\uproot@=\count298
\leftroot@=\count299
LaTeX Info: Redefining \overline on input line 398.
LaTeX Info: Redefining \colon on input line 409.
\classnum@=\count300
\DOTSCASE@=\count301
LaTeX Info: Redefining \ldots on input line 495.
LaTeX Info: Redefining \dots on input line 498.
LaTeX Info: Redefining \cdots on input line 619.
\Mathstrutbox@=\box59
\strutbox@=\box60
LaTeX Info: Redefining \big on input line 721.
LaTeX Info: Redefining \Big on input line 722.
LaTeX Info: Redefining \bigg on input line 723.
LaTeX Info: Redefining \Bigg on input line 724.
\big@size=\dimen183
LaTeX Font Info:    Redeclaring font encoding OML on input line 742.
LaTeX Font Info:    Redeclaring font encoding OMS on input line 743.
\macc@depth=\count302
LaTeX Info: Redefining \bmod on input line 904.
LaTeX Info: Redefining \pmod on input line 909.
LaTeX Info: Redefining \smash on input line 939.
LaTeX Info: Redefining \relbar on input line 969.
LaTeX Info: Redefining \Relbar on input line 970.
\c@MaxMatrixCols=\count303
\dotsspace@=\muskip17
\c@parentequation=\count304
\dspbrk@lvl=\count305
\tag@help=\toks29
\row@=\count306
\column@=\count307
\maxfields@=\count308
\andhelp@=\toks30
\eqnshift@=\dimen184
\alignsep@=\dimen185
\tagshift@=\dimen186
\tagwidth@=\dimen187
\totwidth@=\dimen188
\lineht@=\dimen189
\@envbody=\toks31
\multlinegap=\skip56
\multlinetaggap=\skip57
\mathdisplay@stack=\toks32
LaTeX Info: Redefining \[ on input line 2949.
LaTeX Info: Redefining \] on input line 2950.
) (/nix/store/qj971xbmpyff2na6b62agy00kzabs7a7-texlive-2025-env-texmfdist/tex/latex/xcolor/xcolor.sty
Package: xcolor 2024/09/29 v3.02 LaTeX color extensions (UK)
 (/nix/store/qj971xbmpyff2na6b62agy00kzabs7a7-texlive-2025-env-texmfdist/tex/latex/graphics-cfg/color.cfg
File: color.cfg 2016/01/02 v1.6 sample color configuration
)
Package xcolor Info: Driver file: pdftex.def on input line 274.
 (/nix/store/qj971xbmpyff2na6b62agy00kzabs7a7-texlive-2025-env-texmfdist/tex/latex/graphics/mathcolor.ltx)
Package xcolor Info: Model `cmy' substituted by `cmy0' on input line 1349.
Package xcolor Info: Model `hsb' substituted by `rgb' on input line 1353.
Package xcolor Info: Model `RGB' extended on input line 1365.
Package xcolor Info: Model `HTML' substituted by `rgb' on input line 1367.
Package xcolor Info: Model `Hsb' substituted by `hsb' on input line 1368.
Package xcolor Info: Model `tHsb' substituted by `hsb' on input line 1369.
Package xcolor Info: Model `HSB' substituted by `hsb' on input line 1370.
Package xcolor Info: Model `Gray' substituted by `gray' on input line 1371.
Package xcolor Info: Model `wave' substituted by `hsb' on input line 1372.
) (/nix/store/qj971xbmpyff2na6b62agy00kzabs7a7-texlive-2025-env-texmfdist/tex/latex/xurl/xurl.sty
Package: xurl 2022/01/09 v 0.10 modify URL breaks
 (/nix/store/qj971xbmpyff2na6b62agy00kzabs7a7-texlive-2025-env-texmfdist/tex/latex/url/url.sty
\Urlmuskip=\muskip18
Package: url 2013/09/16  ver 3.4  Verb mode for urls, etc.
)) (/nix/store/qj971xbmpyff2na6b62agy00kzabs7a7-texlive-2025-env-texmfdist/tex/latex/hyperref/hyperref.sty
Package: hyperref 2025-06-21 v7.01n Hypertext links for LaTeX
 (/nix/store/qj971xbmpyff2na6b62agy00kzabs7a7-texlive-2025-env-texmfdist/tex/latex/kvsetkeys/kvsetkeys.sty
Package: kvsetkeys 2022-10-05 v1.19 Key value parser (HO)
) (/nix/store/qj971xbmpyff2na6b62agy00kzabs7a7-texlive-2025-env-texmfdist/tex/generic/kvdefinekeys/kvdefinekeys.sty
Package: kvdefinekeys 2019-12-19 v1.6 Define keys (HO)
) (/nix/store/qj971xbmpyff2na6b62agy00kzabs7a7-texlive-2025-env-texmfdist/tex/generic/pdfescape/pdfescape.sty
Package: pdfescape 2019/12/09 v1.15 Implements pdfTeX's escape features (HO)
 (/nix/store/qj971xbmpyff2na6b62agy00kzabs7a7-texlive-2025-env-texmfdist/tex/generic/ltxcmds/ltxcmds.sty
Package: ltxcmds 2023-12-04 v1.26 LaTeX kernel commands for general use (HO)
) (/nix/store/qj971xbmpyff2na6b62agy00kzabs7a7-texlive-2025-env-texmfdist/tex/generic/pdftexcmds/pdftexcmds.sty
Package: pdftexcmds 2020-06-27 v0.33 Utility functions of pdfTeX for LuaTeX (HO)
 (/nix/store/qj971xbmpyff2na6b62agy00kzabs7a7-texlive-2025-env-texmfdist/tex/generic/infwarerr/infwarerr.sty
Package: infwarerr 2019/12/03 v1.5 Providing info/warning/error messages (HO)
)
Package pdftexcmds Info: \pdf@primitive is available.
Package pdftexcmds Info: \pdf@ifprimitive is available.
Package pdftexcmds Info: \pdfdraftmode found.
)) (/nix/store/qj971xbmpyff2na6b62agy00kzabs7a7-texlive-2025-env-texmfdist/tex/latex/hycolor/hycolor.sty
Package: hycolor 2020-01-27 v1.10 Color options for hyperref/bookmark (HO)
) (/nix/store/qj971xbmpyff2na6b62agy00kzabs7a7-texlive-2025-env-texmfdist/tex/latex/hyperref/nameref.sty
Package: nameref 2025-06-21 v2.57 Cross-referencing by name of section
 (/nix/store/qj971xbmpyff2na6b62agy00kzabs7a7-texlive-2025-env-texmfdist/tex/latex/refcount/refcount.sty
Package: refcount 2019/12/15 v3.6 Data extraction from label references (HO)
) (/nix/store/qj971xbmpyff2na6b62agy00kzabs7a7-texlive-2025-env-texmfdist/tex/generic/gettitlestring/gettitlestring.sty
Package: gettitlestring 2019/12/15 v1.6 Cleanup title references (HO)
 (/nix/store/qj971xbmpyff2na6b62agy00kzabs7a7-texlive-2025-env-texmfdist/tex/latex/kvoptions/kvoptions.sty
Package: kvoptions 2022-06-15 v3.15 Key value format for package options (HO)
))
\c@section@level=\count309
) (/nix/store/qj971xbmpyff2na6b62agy00kzabs7a7-texlive-2025-env-texmfdist/tex/generic/stringenc/stringenc.sty
Package: stringenc 2019/11/29 v1.12 Convert strings between diff. encodings (HO)
)
\@linkdim=\dimen190
\Hy@linkcounter=\count310
\Hy@pagecounter=\count311
 (/nix/store/qj971xbmpyff2na6b62agy00kzabs7a7-texlive-2025-env-texmfdist/tex/latex/hyperref/pd1enc.def
File: pd1enc.def 2025-06-21 v7.01n Hyperref: PDFDocEncoding definition (HO)
Now handling font encoding PD1 ...
... no UTF-8 mapping file for font encoding PD1
) (/nix/store/qj971xbmpyff2na6b62agy00kzabs7a7-texlive-2025-env-texmfdist/tex/generic/intcalc/intcalc.sty
Package: intcalc 2019/12/15 v1.3 Expandable calculations with integers (HO)
)
\Hy@SavedSpaceFactor=\count312
 (/nix/store/qj971xbmpyff2na6b62agy00kzabs7a7-texlive-2025-env-texmfdist/tex/latex/hyperref/puenc.def
File: puenc.def 2025-06-21 v7.01n Hyperref: PDF Unicode definition (HO)
Now handling font encoding PU ...
... no UTF-8 mapping file for font encoding PU
)
Package hyperref Info: Hyper figures OFF on input line 4181.
Package hyperref Info: Link nesting OFF on input line 4186.
Package hyperref Info: Hyper index ON on input line 4189.
Package hyperref Info: Plain pages OFF on input line 4196.
Package hyperref Info: Backreferencing OFF on input line 4201.
Package hyperref Info: Implicit mode ON; LaTeX internals redefined.
Package hyperref Info: Bookmarks ON on input line 4448.
\c@Hy@tempcnt=\count313
LaTeX Info: Redefining \url on input line 4787.
\XeTeXLinkMargin=\dimen191
 (/nix/store/qj971xbmpyff2na6b62agy00kzabs7a7-texlive-2025-env-texmfdist/tex/generic/bitset/bitset.sty
Package: bitset 2019/12/09 v1.3 Handle bit-vector datatype (HO)
 (/nix/store/qj971xbmpyff2na6b62agy00kzabs7a7-texlive-2025-env-texmfdist/tex/generic/bigintcalc/bigintcalc.sty
Package: bigintcalc 2019/12/15 v1.5 Expandable calculations on big integers (HO)
))
\Fld@menulength=\count314
\Field@Width=\dimen192
\Fld@charsize=\dimen193
Package hyperref Info: Hyper figures OFF on input line 6066.
Package hyperref Info: Link nesting OFF on input line 6071.
Package hyperref Info: Hyper index ON on input line 6074.
Package hyperref Info: backreferencing OFF on input line 6081.
Package hyperref Info: Link coloring OFF on input line 6086.
Package hyperref Info: Link coloring with OCG OFF on input line 6091.
Package hyperref Info: PDF/A mode OFF on input line 6096.
\Hy@abspage=\count315
\c@Item=\count316
\c@Hfootnote=\count317
)
Package hyperref Info: Driver (autodetected): hpdftex.
 (/nix/store/qj971xbmpyff2na6b62agy00kzabs7a7-texlive-2025-env-texmfdist/tex/latex/hyperref/hpdftex.def
File: hpdftex.def 2025-06-21 v7.01n Hyperref driver for pdfTeX
\Fld@listcount=\count318
\c@bookmark@seq@number=\count319
 (/nix/store/qj971xbmpyff2na6b62agy00kzabs7a7-texlive-2025-env-texmfdist/tex/latex/rerunfilecheck/rerunfilecheck.sty
Package: rerunfilecheck 2025-06-21 v1.11 Rerun checks for auxiliary files (HO)
 (/nix/store/qj971xbmpyff2na6b62agy00kzabs7a7-texlive-2025-env-texmfdist/tex/generic/uniquecounter/uniquecounter.sty
Package: uniquecounter 2019/12/15 v1.4 Provide unlimited unique counter (HO)
)
Package uniquecounter Info: New unique counter `rerunfilecheck' on input line 284.
)
\Hy@SectionHShift=\skip58
) (/nix/store/qj971xbmpyff2na6b62agy00kzabs7a7-texlive-2025-env-texmfdist/tex/latex/natbib/natbib.sty
Package: natbib 2010/09/13 8.31b (PWD, AO)
\bibhang=\skip59
\bibsep=\skip60
LaTeX Info: Redefining \cite on input line 694.
\c@NAT@ctr=\count320
)
Package hyperref Info: Option `colorlinks' set `true' on input line 25.
 (/nix/store/qj971xbmpyff2na6b62agy00kzabs7a7-texlive-2025-env-texmfdist/tex/latex/l3backend/l3backend-pdftex.def
File: l3backend-pdftex.def 2025-06-09 L3 backend support: PDF output (pdfTeX)
\l__color_backend_stack_int=\count321
) (./report.aux)
\openout1 = `report.aux'.

LaTeX Font Info:    Checking defaults for OML/cmm/m/it on input line 70.
LaTeX Font Info:    ... okay on input line 70.
LaTeX Font Info:    Checking defaults for OMS/cmsy/m/n on input line 70.
LaTeX Font Info:    ... okay on input line 70.
LaTeX Font Info:    Checking defaults for OT1/cmr/m/n on input line 70.
LaTeX Font Info:    ... okay on input line 70.
LaTeX Font Info:    Checking defaults for T1/cmr/m/n on input line 70.
LaTeX Font Info:    ... okay on input line 70.
LaTeX Font Info:    Checking defaults for TS1/cmr/m/n on input line 70.
LaTeX Font Info:    ... okay on input line 70.
LaTeX Font Info:    Checking defaults for OMX/cmex/m/n on input line 70.
LaTeX Font Info:    ... okay on input line 70.
LaTeX Font Info:    Checking defaults for U/cmr/m/n on input line 70.
LaTeX Font Info:    ... okay on input line 70.
LaTeX Font Info:    Checking defaults for PD1/pdf/m/n on input line 70.
LaTeX Font Info:    ... okay on input line 70.
LaTeX Font Info:    Checking defaults for PU/pdf/m/n on input line 70.
LaTeX Font Info:    ... okay on input line 70.

*geometry* driver: auto-detecting
*geometry* detected driver: pdftex
*geometry* verbose mode - [ preamble ] result:
* driver: pdftex
* paper: <default>
* layout: <same size as paper>
* layoutoffset:(h,v)=(0.0pt,0.0pt)
* modes: 
* h-part:(L,W,R)=(52.03448pt, 510.22603pt, 52.03448pt)
* v-part:(T,H,B)=(52.03448pt, 690.90102pt, 52.03448pt)
* \paperwidth=614.295pt
* \paperheight=794.96999pt
* \textwidth=510.22603pt
* \textheight=690.90102pt
* \oddsidemargin=-20.2355pt
* \evensidemargin=-20.2355pt
* \topmargin=-57.2355pt
* \headheight=12.0pt
* \headsep=25.0pt
* \topskip=10.0pt
* \footskip=30.0pt
* \marginparwidth=65.0pt
* \marginparsep=11.0pt
* \columnsep=10.0pt
* \skip\footins=9.0pt plus 4.0pt minus 2.0pt
* \hoffset=0.0pt
* \voffset=0.0pt
* \mag=1000
* \@twocolumnfalse
* \@twosidefalse
* \@mparswitchfalse
* \@reversemarginfalse
* (1in=72.27pt=25.4mm, 1cm=28.453pt)

LaTeX Info: Redefining \microtypecontext on input line 70.
Package microtype Info: Applying patch `item' on input line 70.
Package microtype Info: Applying patch `toc' on input line 70.
Package microtype Info: Applying patch `eqnum' on input line 70.
Package microtype Info: Applying patch `footnote' on input line 70.
Package microtype Info: Applying patch `verbatim' on input line 70.
LaTeX Info: Redefining \microtypesetup on input line 70.
Package microtype Info: Generating PDF output.
Package microtype Info: Character protrusion enabled (level 2).
Package microtype Info: Using default protrusion set `alltext'.
Package microtype Info: Automatic font expansion enabled (level 2),
(microtype)             stretch: 20, shrink: 20, step: 1, non-selected.
Package microtype Info: Using default expansion set `alltext-nott'.

LaTeX Warning: Command \showhyphens   has changed.
               Check if current package is valid.

LaTeX Info: Redefining \showhyphens on input line 70.
Package microtype Info: No adjustment of tracking.
Package microtype Info: No adjustment of interword spacing.
Package microtype Info: No adjustment of character kerning.
(/nix/store/qj971xbmpyff2na6b62agy00kzabs7a7-texlive-2025-env-texmfdist/tex/latex/microtype/mt-cmr.cfg
File: mt-cmr.cfg 2013/05/19 v2.2 microtype config. file: Computer Modern Roman (RS)
) (/nix/store/qj971xbmpyff2na6b62agy00kzabs7a7-texlive-2025-env-texmfdist/tex/context/base/mkii/supp-pdf.mkii
[Loading MPS to PDF converter (version 2006.09.02).]
\scratchcounter=\count322
\scratchdimen=\dimen194
\scratchbox=\box61
\nofMPsegments=\count323
\nofMParguments=\count324
\everyMPshowfont=\toks33
\MPscratchCnt=\count325
\MPscratchDim=\dimen195
\MPnumerator=\count326
\makeMPintoPDFobject=\count327
\everyMPtoPDFconversion=\toks34
) (/nix/store/qj971xbmpyff2na6b62agy00kzabs7a7-texlive-2025-env-texmfdist/tex/latex/epstopdf-pkg/epstopdf-base.sty
Package: epstopdf-base 2020-01-24 v2.11 Base part for package epstopdf
 (/nix/store/qj971xbmpyff2na6b62agy00kzabs7a7-texlive-2025-env-texmfdist/tex/latex/grfext/grfext.sty
Package: grfext 2019/12/03 v1.3 Manage graphics extensions (HO)
)
Package epstopdf-base Info: Redefining graphics rule for `.eps' on input line 485.
Package grfext Info: Graphics extension search list:
(grfext)             [.pdf,.png,.jpg,.mps,.jpeg,.jbig2,.jb2,.PDF,.PNG,.JPG,.JPEG,.JBIG2,.JB2,.eps]
(grfext)             \AppendGraphicsExtensions on input line 504.
 (/nix/store/qj971xbmpyff2na6b62agy00kzabs7a7-texlive-2025-env-texmfdist/tex/latex/latexconfig/epstopdf-sys.cfg
File: epstopdf-sys.cfg 2010/07/13 v1.3 Configuration of (r)epstopdf for TeX Live
))
Package hyperref Info: Link coloring ON on input line 70.
 (./report.out) (./report.out)
\@outlinefile=\write3
\openout3 = `report.out'.



[1

{/nix/store/ircxxmnj7584drddhzrk8r1pq63a24x9-texlive-2025-env/share/texmf-var/fonts/map/pdftex/updmap/pdftex.map}{/nix/store/qj971xbmpyff2na6b62agy00kzabs7a7-texlive-2025-env-texmfdist/fonts/enc/dvips/cm-super/cm-super-t1.enc}]
<figures/eda_usage_overview.png, id=57, 1750.54pt x 1043.9pt>
File: figures/eda_usage_overview.png Graphic file (type png)
<use figures/eda_usage_overview.png>
Package pdftex.def Info: figures/eda_usage_overview.png  used on input line 91.
(pdftex.def)             Requested size: 500.01932pt x 298.16766pt.


[2 <./figures/eda_usage_overview.png>]
Package microtype Info: Loading generic protrusion settings for font family
(microtype)             `cmtt' (encoding: T1).
(microtype)             For optimal results, create family-specific settings.
(microtype)             See the microtype manual for details.
<figures/eda_lag_correlations.png, id=71, 1320.935pt x 491.8375pt>
File: figures/eda_lag_correlations.png Graphic file (type png)
<use figures/eda_lag_correlations.png>
Package pdftex.def Info: figures/eda_lag_correlations.png  used on input line 121.
(pdftex.def)             Requested size: 500.01932pt x 186.17972pt.


[3 <./figures/eda_lag_correlations.png>]
<figures/opt_penalty_summary.png, id=93, 1541.76pt x 752.8125pt>
File: figures/opt_penalty_summary.png Graphic file (type png)
<use figures/opt_penalty_summary.png>
Package pdftex.def Info: figures/opt_penalty_summary.png  used on input line 148.
(pdftex.def)             Requested size: 500.01932pt x 244.14424pt.


[4 <./figures/opt_penalty_summary.png>]

[5]

[6

]
<figures/eda_boxplot_total_usage.png, id=122, 1561.835pt x 869.2475pt>
File: figures/eda_boxplot_total_usage.png Graphic file (type png)
<use figures/eda_boxplot_total_usage.png>
Package pdftex.def Info: figures/eda_boxplot_total_usage.png  used on input line 197.
(pdftex.def)             Requested size: 469.407pt x 261.25375pt.
<figures/eda_histogram_streams.png, id=123, 1736.4875pt x 851.18pt>
File: figures/eda_histogram_streams.png Graphic file (type png)
<use figures/eda_histogram_streams.png>
Package pdftex.def Info: figures/eda_histogram_streams.png  used on input line 199.
(pdftex.def)             Requested size: 469.407pt x 230.08142pt.
<figures/eda_monthly_heatmap_total.png, id=124, 1710.39pt x 867.24pt>
File: figures/eda_monthly_heatmap_total.png Graphic file (type png)
<use figures/eda_monthly_heatmap_total.png>
Package pdftex.def Info: figures/eda_monthly_heatmap_total.png  used on input line 201.
(pdftex.def)             Requested size: 469.407pt x 238.00873pt.


[7

 <./figures/eda_boxplot_total_usage.png> <./figures/eda_histogram_streams.png>]
<figures/eda_delivery_usage_gap.png, id=135, 1587.9325pt x 740.7675pt>
File: figures/eda_delivery_usage_gap.png Graphic file (type png)
<use figures/eda_delivery_usage_gap.png>
Package pdftex.def Info: figures/eda_delivery_usage_gap.png  used on input line 203.
(pdftex.def)             Requested size: 469.407pt x 218.97664pt.
<figures/eda_policy_constraints.png, id=136, 1804.7425pt x 1118.1775pt>
File: figures/eda_policy_constraints.png Graphic file (type png)
<use figures/eda_policy_constraints.png>
Package pdftex.def Info: figures/eda_policy_constraints.png  used on input line 206.
(pdftex.def)             Requested size: 469.407pt x 290.82167pt.


[8 <./figures/eda_monthly_heatmap_total.png> <./figures/eda_delivery_usage_gap.png>]
<figures/eda_acf_total.png, id=145, 1551.7975pt x 730.73pt>
File: figures/eda_acf_total.png Graphic file (type png)
<use figures/eda_acf_total.png>
Package pdftex.def Info: figures/eda_acf_total.png  used on input line 208.
(pdftex.def)             Requested size: 469.407pt x 221.03815pt.
<figures/eda_pacf_total.png, id=146, 1551.7975pt x 730.73pt>
File: figures/eda_pacf_total.png Graphic file (type png)
<use figures/eda_pacf_total.png>
Package pdftex.def Info: figures/eda_pacf_total.png  used on input line 210.
(pdftex.def)             Requested size: 469.407pt x 221.03815pt.


[9 <./figures/eda_policy_constraints.png> <./figures/eda_acf_total.png>]
<figures/opt_daily_penalties.png, id=155, 1822.81pt x 1118.1775pt>
File: figures/opt_daily_penalties.png Graphic file (type png)
<use figures/opt_daily_penalties.png>
Package pdftex.def Info: figures/opt_daily_penalties.png  used on input line 212.
(pdftex.def)             Requested size: 469.407pt x 287.93819pt.
<figures/opt_monthly_penalties.png, id=156, 1838.87pt x 1108.14pt>
File: figures/opt_monthly_penalties.png Graphic file (type png)
<use figures/opt_monthly_penalties.png>
Package pdftex.def Info: figures/opt_monthly_penalties.png  used on input line 214.
(pdftex.def)             Requested size: 469.407pt x 282.86786pt.


[10 <./figures/eda_pacf_total.png> <./figures/opt_daily_penalties.png>]
<figures/opt_tier_comparison.png, id=166, 1383.1675pt x 772.8875pt>
File: figures/opt_tier_comparison.png Graphic file (type png)
<use figures/opt_tier_comparison.png>
Package pdftex.def Info: figures/opt_tier_comparison.png  used on input line 216.
(pdftex.def)             Requested size: 469.407pt x 262.29474pt.
<figures/eda_correlation_matrix.png, id=167, 1212.53pt x 1021.8175pt>
File: figures/eda_correlation_matrix.png Graphic file (type png)
<use figures/eda_correlation_matrix.png>
Package pdftex.def Info: figures/eda_correlation_matrix.png  used on input line 218.
(pdftex.def)             Requested size: 469.407pt x 395.57599pt.


[11 <./figures/opt_monthly_penalties.png> <./figures/opt_tier_comparison.png>]

[12 <./figures/eda_correlation_matrix.png>] (./report.aux)
 ***********
LaTeX2e <2025-06-01> patch level 1
L3 programming layer <2025-06-09>
 ***********
Package rerunfilecheck Info: File `report.out' has not changed.
(rerunfilecheck)             Checksum: CB831698B438E95D349A447D980C679D;1192.
 ) 
Here is how much of TeX's memory you used:
 13530 strings out of 467890
 217754 string characters out of 5410143
 678969 words of memory out of 5000000
 41729 multiletter control sequences out of 15000+600000
 645216 words of font info for 145 fonts, out of 8000000 for 9000
 1141 hyphenation exceptions out of 8191
 75i,10n,79p,1198b,488s stack positions out of 10000i,1000n,20000p,200000b,200000s
</nix/store/qj971xbmpyff2na6b62agy00kzabs7a7-texlive-2025-env-texmfdist/fonts/type1/public/amsfonts/cm/cmmi10.pfb></nix/store/qj971xbmpyff2na6b62agy00kzabs7a7-texlive-2025-env-texmfdist/fonts/type1/public/amsfonts/cm/cmmi9.pfb></nix/store/qj971xbmpyff2na6b62agy00kzabs7a7-texlive-2025-env-texmfdist/fonts/type1/public/amsfonts/cm/cmr10.pfb></nix/store/qj971xbmpyff2na6b62agy00kzabs7a7-texlive-2025-env-texmfdist/fonts/type1/public/amsfonts/cm/cmr9.pfb></nix/store/qj971xbmpyff2na6b62agy00kzabs7a7-texlive-2025-env-texmfdist/fonts/type1/public/amsfonts/cm/cmsy10.pfb></nix/store/qj971xbmpyff2na6b62agy00kzabs7a7-texlive-2025-env-texmfdist/fonts/type1/public/amsfonts/cm/cmsy9.pfb></nix/store/qj971xbmpyff2na6b62agy00kzabs7a7-texlive-2025-env-texmfdist/fonts/type1/public/cm-super/sfbx0900.pfb></nix/store/qj971xbmpyff2na6b62agy00kzabs7a7-texlive-2025-env-texmfdist/fonts/type1/public/cm-super/sfbx1000.pfb></nix/store/qj971xbmpyff2na6b62agy00kzabs7a7-texlive-2025-env-texmfdist/fonts/type1/public/cm-super/sfbx1200.pfb></nix/store/qj971xbmpyff2na6b62agy00kzabs7a7-texlive-2025-env-texmfdist/fonts/type1/public/cm-super/sfbx1440.pfb></nix/store/qj971xbmpyff2na6b62agy00kzabs7a7-texlive-2025-env-texmfdist/fonts/type1/public/cm-super/sfrm0800.pfb></nix/store/qj971xbmpyff2na6b62agy00kzabs7a7-texlive-2025-env-texmfdist/fonts/type1/public/cm-super/sfrm0900.pfb></nix/store/qj971xbmpyff2na6b62agy00kzabs7a7-texlive-2025-env-texmfdist/fonts/type1/public/cm-super/sfrm1000.pfb></nix/store/qj971xbmpyff2na6b62agy00kzabs7a7-texlive-2025-env-texmfdist/fonts/type1/public/cm-super/sfrm1200.pfb></nix/store/qj971xbmpyff2na6b62agy00kzabs7a7-texlive-2025-env-texmfdist/fonts/type1/public/cm-super/sfrm1728.pfb></nix/store/qj971xbmpyff2na6b62agy00kzabs7a7-texlive-2025-env-texmfdist/fonts/type1/public/cm-super/sfti1000.pfb></nix/store/qj971xbmpyff2na6b62agy00kzabs7a7-texlive-2025-env-texmfdist/fonts/type1/public/cm-super/sftt1000.pfb>
Output written on report.pdf (12 pages, 1217601 bytes).
PDF statistics:
 266 PDF objects out of 1000 (max. 8388607)
 188 compressed objects within 2 object streams
 45 named destinations out of 1000 (max. 500000)
 37503 words of extra memory for PDF output out of 42996 (max. 10000000)

